################################################################################
#                                                                              #
#      IAR Universal Linker V6.4.6.89                                          #
#                                                                              #
#           Link time     =  19/Jul/2022  19:59:46                             #
#           Target CPU    =  MSP430                                            #
#           List file     =  D:\diansai\æß’Ò≤‚ ‘\Debug\List\123.map            #
#           Output file 1 =  D:\diansai\æß’Ò≤‚ ‘\Debug\Exe\123.d43             #
#                            Format: ubrof10                                   #
#                            UBROF version 10.0.6                              #
#                            Using library modules for C-SPY (-rt)             #
#           Command line  =  -f C:\Users\19682\AppData\Local\Temp\EW77D4.tmp   #
#                            (D:\diansai\æß’Ò≤‚ ‘\Debug\Obj\main.r43 -o        #
#                            D:\diansai\æß’Ò≤‚ ‘\Debug\Exe\123.d43 -l          #
#                            D:\diansai\æß’Ò≤‚ ‘\Debug\List\123.map -xms       #
#                            "-IC:\Program Files (x86)\IAR Systems\Embedded Wo #
#                            rkbench 8.0\430\LIB\"                             #
#                            -f                                                #
#                            "C:\Program Files (x86)\IAR Systems\Embedded Work #
#                            bench 8.0\430\config\linker\lnk430f5529.xcl"      #
#                            (-cmsp430 -D?CPU30_OFFSET=2 -QCODE_I=CODE_ID      #
#                            -QTLS16_I=TLS16_ID -D__iar_HWMUL=4C0              #
#                            -Z(CONST)INFO=1800-19FF                           #
#                            -Z(CONST)INFOA=1980-19FF                          #
#                            -Z(CONST)INFOB=1900-197F                          #
#                            -Z(CONST)INFOC=1880-18FF                          #
#                            -Z(CONST)INFOD=1800-187F                          #
#                            -Z(DATA)USBRAM=1C00-23FF                          #
#                            -Z(DATA)DATA16_I,DATA16_Z,DATA16_N,TLS16_I=2400-4 #
#                            3FF                                               #
#                            -Z(DATA)DATA16_HEAP+_DATA16_HEAP_SIZE             #
#                            -Z(DATA)CODE_I                                    #
#                            -Z(DATA)DATA20_I,DATA20_Z,DATA20_N,DATA20_HEAP+_D #
#                            ATA20_HEAP_SIZE                                   #
#                            -Z(DATA)CSTACK+_STACK_SIZE#                       #
#                            -Z(CONST)DATA16_C,DATA16_ID,TLS16_ID,DIFUNCT,CHEC #
#                            KSUM=4400-FF7F                                    #
#                            -Z(CODE)CSTART,ISR_CODE,CODE16=4400-FF7F          #
#                            -P(CODE)CODE=4400-FF7F,10000-243FF                #
#                            -Z(CONST)DATA20_C,DATA20_ID,CODE_ID=4400-FF7F,100 #
#                            40-243FF                                          #
#                            -Z(CODE)INTVEC=FF80-FFFF                          #
#                            -Z(CODE)RESET=FFFE-FFFF) -f                       #
#                            "C:\Program Files (x86)\IAR Systems\Embedded Work #
#                            bench 8.0\430\config\linker\multiplier32.xcl"     #
#                            (-e?Mul8Hw=?Mul8 -e?Mul16Hw=?Mul16                #
#                            -e?Mul16to32uHw=?Mul16to32u                       #
#                            -e?Mul16to32sHw=?Mul16to32s -e?Mul32Hw32=?Mul32   #
#                            -e?Mul64Hw32=_Mul64i                              #
#                            -e?Mul32u32uto64iHw32=_Mul32u32uto64i             #
#                            -e?Mul32fHw32=_Mul32f                             #
#                            -e_Mul64fHw32Ptr=_Mul64fPtr) -D_STACK_SIZE=A0     #
#                            -rt                                               #
#                            "C:\Program Files (x86)\IAR Systems\Embedded Work #
#                            bench 8.0\430\lib\dlib\dl430xlsfn.r43"            #
#                            -e_PrintfLarge=_Printf -e_ScanfLarge=_Scanf       #
#                            -D_DATA16_HEAP_SIZE=A0 -s __program_start         #
#                            -D_DATA20_HEAP_SIZE=50)                           #
#                                                                              #
#                           Copyright (C) 1987-2016 IAR Systems AB.            #
################################################################################





                ****************************************
                *                                      *
                *           CROSS REFERENCE            *
                *                                      *
                ****************************************

       Program entry at :           4400  Relocatable, from module : ?cstart




                ****************************************
                *                                      *
                *            RUNTIME MODEL             *
                *                                      *
                ****************************************

  __Heap_Handler             = Basic
  __SystemLibrary            = DLib
  __code_model               = large
  __core                     = 430X
  __data_model               = small
  __dlib_file_descriptor     = 0
  __dlib_full_locale_support = 0
  __double_size              = 32
  __pic                      = no
  __reg_r4                   = free
  __reg_r5                   = free
  __rt_version               = 3

                ****************************************
                *                                      *
                *    AUTOMATIC SYMBOL REDIRECTIONS     *
                *                                      *
                ****************************************

                  There are no automatic symbol redirections.



                ****************************************
                *                                      *
                *              MODULE MAP              *
                *                                      *
                ****************************************


  DEFINED ABSOLUTE ENTRIES
    *************************************************************************

  DEFINED ABSOLUTE ENTRIES
  PROGRAM MODULE, NAME : ?ABS_ENTRY_MOD

Absolute parts
           ENTRY                   ADDRESS         REF BY
           =====                   =======         ======
           _DATA20_HEAP_SIZE       0050 
           _DATA16_HEAP_SIZE       00A0 
           _STACK_SIZE             00A0 
           __iar_HWMUL             04C0 
           ?CPU30_OFFSET           0002 
    *************************************************************************

  FILE NAME : D:\diansai\æß’Ò≤‚ ‘\Debug\Obj\main.r43
  PROGRAM MODULE, NAME : main

  SEGMENTS IN THE MODULE
  ======================
DATA16_AN
  Relative segment, address: 0202 - 0203 (0x2 bytes), align: 0
  Segment part 1. ROOT        Intra module refs:   main
           ENTRY                   ADDRESS         REF BY
           =====                   =======         ======
           _A_PAOUT_L              0202 
           LOCAL                   ADDRESS         
           =====                   =======         
           PAOUT                   0202 
           PAOUT_H                 0203 
           PAOUT_L                 0202 
    -------------------------------------------------------------------------
DATA16_AN
  Relative segment, address: 0204 - 0205 (0x2 bytes), align: 0
  Segment part 2. ROOT        Intra module refs:   main
           ENTRY                   ADDRESS         REF BY
           =====                   =======         ======
           _A_PADIR_L              0204 
           LOCAL                   ADDRESS         
           =====                   =======         
           PADIR                   0204 
           PADIR_H                 0205 
           PADIR_L                 0204 
    -------------------------------------------------------------------------
DATA16_AN
  Relative segment, address: 0206 - 0207 (0x2 bytes), align: 0
  Segment part 3. ROOT        Intra module refs:   main
           ENTRY                   ADDRESS         REF BY
           =====                   =======         ======
           _A_PAREN_L              0206 
           LOCAL                   ADDRESS         
           =====                   =======         
           PAREN                   0206 
           PAREN_H                 0207 
           PAREN_L                 0206 
    -------------------------------------------------------------------------
DATA16_AN
  Relative segment, address: 0218 - 0219 (0x2 bytes), align: 0
  Segment part 4. ROOT        Intra module refs:   main
           ENTRY                   ADDRESS         REF BY
           =====                   =======         ======
           _A_PAIES_L              0218 
           LOCAL                   ADDRESS         
           =====                   =======         
           PAIES                   0218 
           PAIES_H                 0219 
           PAIES_L                 0218 
    -------------------------------------------------------------------------
DATA16_AN
  Relative segment, address: 021A - 021B (0x2 bytes), align: 0
  Segment part 5. ROOT        Intra module refs:   main
           ENTRY                   ADDRESS         REF BY
           =====                   =======         ======
           _A_PAIE_L               021A 
           LOCAL                   ADDRESS         
           =====                   =======         
           PAIE                    021A 
           PAIE_H                  021B 
           PAIE_L                  021A 
    -------------------------------------------------------------------------
DATA16_AN
  Relative segment, address: 021C - 021D (0x2 bytes), align: 0
  Segment part 6. ROOT        Intra module refs:   P1_ISR
                                                   main
           ENTRY                   ADDRESS         REF BY
           =====                   =======         ======
           _A_PAIFG_L              021C 
           LOCAL                   ADDRESS         
           =====                   =======         
           PAIFG                   021C 
           PAIFG_H                 021D 
           PAIFG_L                 021C 
    -------------------------------------------------------------------------
DATA16_AN
  Relative segment, address: 05CE - 05CE (0x1 bytes), align: 0
  Segment part 7. ROOT 
           ENTRY                   ADDRESS         REF BY
           =====                   =======         ======
           UCA0TXBUF               05CE 
    -------------------------------------------------------------------------
DATA16_AN
  Relative segment, address: 05DC - 05DD (0x2 bytes), align: 0
  Segment part 8. ROOT 
           ENTRY                   ADDRESS         REF BY
           =====                   =======         ======
           _A_UCA0ICTL_L           05DC 
           LOCAL                   ADDRESS         
           =====                   =======         
           UCA0ICTL                05DC 
           UCA0ICTL_H              05DD 
           UCA0ICTL_L              05DC 
    -------------------------------------------------------------------------
DATA16_AN
  Relative segment, address: 015C - 015D (0x2 bytes), align: 0
  Segment part 9. ROOT        Intra module refs:   main
           ENTRY                   ADDRESS         REF BY
           =====                   =======         ======
           _A_WDTCTL_L             015C 
           LOCAL                   ADDRESS         
           =====                   =======         
           WDTCTL                  015C 
           WDTCTL_H                015D 
           WDTCTL_L                015C 
    -------------------------------------------------------------------------
DATA16_Z
  Relative segment, address: 2400 - 2401 (0x2 bytes), align: 1
  Segment part 12.            Intra module refs:   P1_ISR
           ENTRY                   ADDRESS         REF BY
           =====                   =======         ======
           cnt                     2400 
    -------------------------------------------------------------------------
<CODE> 1 (was CODE)
  Relative segment, address: 4424 - 4497 (0x74 bytes), align: 1
  Segment part 15.
           ENTRY                   ADDRESS         REF BY
           =====                   =======         ======
           main                    4424            Segment part 26 (?cstart)
    -------------------------------------------------------------------------
ISR_CODE
  Relative segment, address: 4418 - 4423 (0xc bytes), align: 1
  Segment part 16.            Intra module refs:   P1_ISR::??INTVEC 94
           ENTRY                   ADDRESS         REF BY
           =====                   =======         ======
           P1_ISR                  4418 
               interrupt function
    -------------------------------------------------------------------------
INTVEC
  Common segment, address: FF80 - FFDF (0x60 bytes), align: 1
  Segment part 10. ROOT 
           ENTRY                   ADDRESS         REF BY
           =====                   =======         ======
           P1_ISR::??INTVEC 94     FFDE 

    *************************************************************************

  FILE NAME : C:\Program Files (x86)\IAR Systems\Embedded Workbench 8.0\430\lib\dlib\dl430xlsfn.r43
  LIBRARY MODULE, NAME : ?__dbg_break

  SEGMENTS IN THE MODULE
  ======================
<CODE> 1 (was CODE)
  Relative segment, address: 44C4 - 44C5 (0x2 bytes), align: 1
  Segment part 2.
           ENTRY                   ADDRESS         REF BY
           =====                   =======         ======
           __DebugBreak            44C4            __exit (?__exit)

    -------------------------------------------------------------------------
  LIBRARY MODULE, NAME : ?__exit

  SEGMENTS IN THE MODULE
  ======================
<CODE> 1 (was CODE)
  Relative segment, address: 4498 - 44AB (0x14 bytes), align: 1
  Segment part 2.
           ENTRY                   ADDRESS         REF BY
           =====                   =======         ======
           __exit                  4498            Segment part 6 (?_exit)
                                                   _exit (?_exit)
               calls direct

    -------------------------------------------------------------------------
  LIBRARY MODULE, NAME : ?_exit

  SEGMENTS IN THE MODULE
  ======================
<CODE> 1 (was CODE)
  Relative segment, address: 44C0, align: 1
  Segment part 0.
           ENTRY                   ADDRESS         REF BY
           =====                   =======         ======
           _exit                   44C0            exit (?exit)
    -------------------------------------------------------------------------
<CODE> 1 (was CODE)
  Relative segment, address: 44C0 - 44C3 (0x4 bytes), align: 1
  Segment part 6.             Intra module refs:   _exit

    -------------------------------------------------------------------------
  LIBRARY MODULE, NAME : ?cstart

  SEGMENTS IN THE MODULE
  ======================
CSTACK
  Relative segment, address: 4360, align: 1
  Segment part 1.
    -------------------------------------------------------------------------
DATA16_Z
  Relative segment, address: 2402, align: 1
  Segment part 2.
    -------------------------------------------------------------------------
CODE_I
  Relative segment, address: 2402, align: 1
  Segment part 5.
    -------------------------------------------------------------------------
CODE_ID
  Relative segment, address: 44C6, align: 1
  Segment part 6.
    -------------------------------------------------------------------------
DATA20_Z
  Relative segment, address: 2402, align: 1
  Segment part 7.
    -------------------------------------------------------------------------
DATA20_I
  Relative segment, address: 2402, align: 1
  Segment part 8.
    -------------------------------------------------------------------------
DATA20_ID
  Relative segment, address: 44C6, align: 1
  Segment part 9.
    -------------------------------------------------------------------------
DATA20_C
  Relative segment, address: 44C6, align: 1
  Segment part 10.
    -------------------------------------------------------------------------
DATA20_N
  Relative segment, address: 2402, align: 1
  Segment part 12.
    -------------------------------------------------------------------------
CSTART
  Relative segment, address: 4400 - 4403 (0x4 bytes), align: 1
  Segment part 15.
           ENTRY                   ADDRESS         REF BY
           =====                   =======         ======
           __program_start         4400            ?reset_vector (?reset_vector)
                                                   Absolute parts (?ABS_ENTRY_MOD)
           ?cstart_begin           4400 
    -------------------------------------------------------------------------
CSTART
  Relative segment, address: 4404 - 440F (0xc bytes), align: 1
  Segment part 19.
           ENTRY                   ADDRESS         REF BY
           =====                   =======         ======
           ?cstart_init_zero       4404            cnt (main)
    -------------------------------------------------------------------------
CSTART
  Relative segment, address: 4410 - 4417 (0x8 bytes), align: 1
  Segment part 26.            Intra module refs:   Segment part 15
           ENTRY                   ADDRESS         REF BY
           =====                   =======         ======
           ?cstart_call_main       4410 
           ?cstart_end             4418 
    -------------------------------------------------------------------------
CODE_ID
  Relative segment, address: 44C6, align: 1
  Segment part 27.            Intra module refs:   Segment part 5

    -------------------------------------------------------------------------
  LIBRARY MODULE, NAME : ?reset_vector

  SEGMENTS IN THE MODULE
  ======================
RESET
  Relative segment, address: FFFE - FFFF (0x2 bytes), align: 1
  Segment part 0.
           ENTRY                   ADDRESS         REF BY
           =====                   =======         ======
           ?reset_vector           FFFE            Segment part 15 (?cstart)

    -------------------------------------------------------------------------
  LIBRARY MODULE, NAME : ?exit

  SEGMENTS IN THE MODULE
  ======================
<CODE> 1 (was CODE)
  Relative segment, address: 44BC - 44BF (0x4 bytes), align: 1
  Segment part 2.
           ENTRY                   ADDRESS         REF BY
           =====                   =======         ======
           exit                    44BC            Segment part 26 (?cstart)
               calls direct

    -------------------------------------------------------------------------
  LIBRARY MODULE, NAME : ?memzero

  SEGMENTS IN THE MODULE
  ======================
<CODE> 1 (was CODE)
  Relative segment, address: 44AC - 44BB (0x10 bytes), align: 1
  Segment part 2.
           ENTRY                   ADDRESS         REF BY
           =====                   =======         ======
           __data16_memzero        44AC            ?cstart_init_zero (?cstart)




                ****************************************
                *                                      *
                *      SEGMENTS IN ADDRESS ORDER       *
                *                                      *
                ****************************************


SEGMENT              SPACE    START ADDRESS   END ADDRESS     SIZE  TYPE  ALIGN
=======              =====    =============   ===========     ====  ====  =====
DATA16_AN                              015C - 015D               2   rel    0
                                       0202 - 0207               6 
                                       0218 - 021D               6 
                                       05CE - 05CE               1 
                                       05DC - 05DD               2 
DATA16_I                                  2400                       dse    0
DATA16_Z                               2400 - 2401               2   rel    1
DATA20_Z                                  2402                       rel    1
DATA20_I                                  2402                       rel    1
DATA20_N                                  2402                       rel    1
CODE_I                                    2402                       rel    1
CSTACK                                 4360 - 43FF              A0   rel    1
CSTART                                 4400 - 4417              18   rel    1
ISR_CODE                               4418 - 4423               C   rel    1
<CODE> 1                               4424 - 44C5              A2   rel    1
CODE_ID                                   44C6                       rel    1
DATA20_C                                  44C6                       rel    1
DATA20_ID                                 44C6                       rel    1
INTVEC                                 FF80 - FFDF              60   com    1
RESET                                  FFFE - FFFF               2   rel    1

                ****************************************
                *                                      *
                *        END OF CROSS REFERENCE        *
                *                                      *
                ****************************************

 296 bytes of CODE memory
 162 bytes of DATA memory (+ 17 absolute )

Errors: none
Warnings: none

