################################################################################
#                                                                              #
#      IAR Universal Linker V6.4.6.89                                          #
#                                                                              #
#           Link time     =  22/Jul/2022  15:07:02                             #
#           Target CPU    =  MSP430                                            #
#           List file     =  "D:\diansai\OLED uart模拟i2c\test\Debug\List\132. #
#                            map"                                              #
#           Output file 1 =  "D:\diansai\OLED uart模拟i2c\test\Debug\Exe\132.d #
#                            43"                                               #
#                            Format: ubrof10                                   #
#                            UBROF version 10.0.6                              #
#                            Using library modules for C-SPY (-rt)             #
#           Command line  =  -f C:\Users\19682\AppData\Local\Temp\EWD0AF.tmp   #
#                            ("D:\diansai\OLED uart模拟i2c\test\Debug\Obj\main #
#                            .r43"                                             #
#                            -o                                                #
#                            "D:\diansai\OLED uart模拟i2c\test\Debug\Exe\132.d #
#                            43"                                               #
#                            -l                                                #
#                            "D:\diansai\OLED uart模拟i2c\test\Debug\List\132. #
#                            map"                                              #
#                            -xms                                              #
#                            "-IC:\Program Files (x86)\IAR Systems\Embedded Wo #
#                            rkbench 8.0\430\LIB\"                             #
#                            -f                                                #
#                            "C:\Program Files (x86)\IAR Systems\Embedded Work #
#                            bench 8.0\430\config\linker\lnk430f5529.xcl"      #
#                            (-cmsp430 -D?CPU30_OFFSET=2 -QCODE_I=CODE_ID      #
#                            -QTLS16_I=TLS16_ID -D__iar_HWMUL=4C0              #
#                            -Z(CONST)INFO=1800-19FF                           #
#                            -Z(CONST)INFOA=1980-19FF                          #
#                            -Z(CONST)INFOB=1900-197F                          #
#                            -Z(CONST)INFOC=1880-18FF                          #
#                            -Z(CONST)INFOD=1800-187F                          #
#                            -Z(DATA)USBRAM=1C00-23FF                          #
#                            -Z(DATA)DATA16_I,DATA16_Z,DATA16_N,TLS16_I=2400-4 #
#                            3FF                                               #
#                            -Z(DATA)DATA16_HEAP+_DATA16_HEAP_SIZE             #
#                            -Z(DATA)CODE_I                                    #
#                            -Z(DATA)DATA20_I,DATA20_Z,DATA20_N,DATA20_HEAP+_D #
#                            ATA20_HEAP_SIZE                                   #
#                            -Z(DATA)CSTACK+_STACK_SIZE#                       #
#                            -Z(CONST)DATA16_C,DATA16_ID,TLS16_ID,DIFUNCT,CHEC #
#                            KSUM=4400-FF7F                                    #
#                            -Z(CODE)CSTART,ISR_CODE,CODE16=4400-FF7F          #
#                            -P(CODE)CODE=4400-FF7F,10000-243FF                #
#                            -Z(CONST)DATA20_C,DATA20_ID,CODE_ID=4400-FF7F,100 #
#                            40-243FF                                          #
#                            -Z(CODE)INTVEC=FF80-FFFF                          #
#                            -Z(CODE)RESET=FFFE-FFFF) -f                       #
#                            "C:\Program Files (x86)\IAR Systems\Embedded Work #
#                            bench 8.0\430\config\linker\multiplier32.xcl"     #
#                            (-e?Mul8Hw=?Mul8 -e?Mul16Hw=?Mul16                #
#                            -e?Mul16to32uHw=?Mul16to32u                       #
#                            -e?Mul16to32sHw=?Mul16to32s -e?Mul32Hw32=?Mul32   #
#                            -e?Mul64Hw32=_Mul64i                              #
#                            -e?Mul32u32uto64iHw32=_Mul32u32uto64i             #
#                            -e?Mul32fHw32=_Mul32f                             #
#                            -e_Mul64fHw32Ptr=_Mul64fPtr) -D_STACK_SIZE=A0     #
#                            -rt                                               #
#                            "C:\Program Files (x86)\IAR Systems\Embedded Work #
#                            bench 8.0\430\lib\dlib\dl430xlsfn.r43"            #
#                            -e_PrintfLarge=_Printf -e_ScanfLarge=_Scanf       #
#                            -D_DATA16_HEAP_SIZE=A0 -s __program_start         #
#                            -D_DATA20_HEAP_SIZE=50)                           #
#                                                                              #
#                           Copyright (C) 1987-2016 IAR Systems AB.            #
################################################################################





                ****************************************
                *                                      *
                *           CROSS REFERENCE            *
                *                                      *
                ****************************************

       Program entry at :           441E  Relocatable, from module : ?cstart




                ****************************************
                *                                      *
                *            RUNTIME MODEL             *
                *                                      *
                ****************************************

  __Heap_Handler             = Basic
  __SystemLibrary            = DLib
  __code_model               = large
  __core                     = 430X
  __data_model               = small
  __dlib_file_descriptor     = 0
  __dlib_full_locale_support = 0
  __double_size              = 32
  __pic                      = no
  __reg_r4                   = free
  __reg_r5                   = free
  __rt_version               = 3

                ****************************************
                *                                      *
                *    AUTOMATIC SYMBOL REDIRECTIONS     *
                *                                      *
                ****************************************

                  There are no automatic symbol redirections.



                ****************************************
                *                                      *
                *              MODULE MAP              *
                *                                      *
                ****************************************


  DEFINED ABSOLUTE ENTRIES
    *************************************************************************

  DEFINED ABSOLUTE ENTRIES
  PROGRAM MODULE, NAME : ?ABS_ENTRY_MOD

Absolute parts
           ENTRY                   ADDRESS         REF BY
           =====                   =======         ======
           _DATA20_HEAP_SIZE       0050 
           _DATA16_HEAP_SIZE       00A0 
           _STACK_SIZE             00A0 
           __iar_HWMUL             04C0            ?Mul16to32sHw (?Mul16to32sHw)
                                                   ?Mul32fHw32 (?Mul32fHw32)
                                                   Segment part 1 (?Mul8Hw)
           ?CPU30_OFFSET           0002 
    *************************************************************************

  FILE NAME : D:\diansai\OLED uart模拟i2c\test\Debug\Obj\main.r43
  PROGRAM MODULE, NAME : main

  SEGMENTS IN THE MODULE
  ======================
DATA16_AN
  Relative segment, address: 022A - 022B (0x2 bytes), align: 0
  Segment part 1. ROOT        Intra module refs:   UART_Init
           ENTRY                   ADDRESS         REF BY
           =====                   =======         ======
           _A_PBSEL_L              022A 
           LOCAL                   ADDRESS         
           =====                   =======         
           PBSEL                   022A 
           PBSEL_H                 022B 
           PBSEL_L                 022A 
    -------------------------------------------------------------------------
DATA16_AN
  Relative segment, address: 0102 - 0103 (0x2 bytes), align: 0
  Segment part 2. ROOT 
           ENTRY                   ADDRESS         REF BY
           =====                   =======         ======
           _A_SFRIFG1_L            0102 
           LOCAL                   ADDRESS         
           =====                   =======         
           SFRIFG1                 0102 
           SFRIFG1_H               0103 
           SFRIFG1_L               0102 
    -------------------------------------------------------------------------
DATA16_AN
  Relative segment, address: 0160 - 0161 (0x2 bytes), align: 0
  Segment part 3. ROOT 
           ENTRY                   ADDRESS         REF BY
           =====                   =======         ======
           _A_UCSCTL0_L            0160 
           LOCAL                   ADDRESS         
           =====                   =======         
           UCSCTL0                 0160 
           UCSCTL0_H               0161 
           UCSCTL0_L               0160 
    -------------------------------------------------------------------------
DATA16_AN
  Relative segment, address: 0162 - 0163 (0x2 bytes), align: 0
  Segment part 4. ROOT 
           ENTRY                   ADDRESS         REF BY
           =====                   =======         ======
           _A_UCSCTL1_L            0162 
           LOCAL                   ADDRESS         
           =====                   =======         
           UCSCTL1                 0162 
           UCSCTL1_H               0163 
           UCSCTL1_L               0162 
    -------------------------------------------------------------------------
DATA16_AN
  Relative segment, address: 0164 - 0165 (0x2 bytes), align: 0
  Segment part 5. ROOT 
           ENTRY                   ADDRESS         REF BY
           =====                   =======         ======
           _A_UCSCTL2_L            0164 
           LOCAL                   ADDRESS         
           =====                   =======         
           UCSCTL2                 0164 
           UCSCTL2_H               0165 
           UCSCTL2_L               0164 
    -------------------------------------------------------------------------
DATA16_AN
  Relative segment, address: 0166 - 0167 (0x2 bytes), align: 0
  Segment part 6. ROOT 
           ENTRY                   ADDRESS         REF BY
           =====                   =======         ======
           _A_UCSCTL3_L            0166 
           LOCAL                   ADDRESS         
           =====                   =======         
           UCSCTL3                 0166 
           UCSCTL3_H               0167 
           UCSCTL3_L               0166 
    -------------------------------------------------------------------------
DATA16_AN
  Relative segment, address: 0168 - 0169 (0x2 bytes), align: 0
  Segment part 7. ROOT 
           ENTRY                   ADDRESS         REF BY
           =====                   =======         ======
           _A_UCSCTL4_L            0168 
           LOCAL                   ADDRESS         
           =====                   =======         
           UCSCTL4                 0168 
           UCSCTL4_H               0169 
           UCSCTL4_L               0168 
    -------------------------------------------------------------------------
DATA16_AN
  Relative segment, address: 016E - 016F (0x2 bytes), align: 0
  Segment part 8. ROOT 
           ENTRY                   ADDRESS         REF BY
           =====                   =======         ======
           _A_UCSCTL7_L            016E 
           LOCAL                   ADDRESS         
           =====                   =======         
           UCSCTL7                 016E 
           UCSCTL7_H               016F 
           UCSCTL7_L               016E 
    -------------------------------------------------------------------------
DATA16_AN
  Relative segment, address: 05DC - 05DD (0x2 bytes), align: 0
  Segment part 9. ROOT        Intra module refs:   senfchar
           ENTRY                   ADDRESS         REF BY
           =====                   =======         ======
           _A_UCA0ICTL_L           05DC 
           LOCAL                   ADDRESS         
           =====                   =======         
           UCA0ICTL                05DC 
           UCA0ICTL_H              05DD 
           UCA0ICTL_L              05DC 
    -------------------------------------------------------------------------
DATA16_AN
  Relative segment, address: 0600 - 0601 (0x2 bytes), align: 0
  Segment part 10. ROOT       Intra module refs:   UART_Init
           ENTRY                   ADDRESS         REF BY
           =====                   =======         ======
           _A_UCA1CTLW0_L          0600 
           LOCAL                   ADDRESS         
           =====                   =======         
           UCA1CTLW0               0600 
           UCA1CTLW0_H             0601 
           UCA1CTLW0_L             0600 
    -------------------------------------------------------------------------
DATA16_AN
  Relative segment, address: 0606 - 0607 (0x2 bytes), align: 0
  Segment part 11. ROOT       Intra module refs:   UART_Init
           ENTRY                   ADDRESS         REF BY
           =====                   =======         ======
           _A_UCA1BRW_L            0606 
           LOCAL                   ADDRESS         
           =====                   =======         
           UCA1BRW                 0606 
           UCA1BRW_H               0607 
           UCA1BRW_L               0606 
    -------------------------------------------------------------------------
DATA16_AN
  Relative segment, address: 0608 - 0608 (0x1 bytes), align: 0
  Segment part 12. ROOT       Intra module refs:   UART_Init
           ENTRY                   ADDRESS         REF BY
           =====                   =======         ======
           UCA1MCTL                0608 
    -------------------------------------------------------------------------
DATA16_AN
  Relative segment, address: 060C - 060C (0x1 bytes), align: 0
  Segment part 13. ROOT       Intra module refs:   USCI_A1_ISR
           ENTRY                   ADDRESS         REF BY
           =====                   =======         ======
           UCA1RXBUF               060C 
    -------------------------------------------------------------------------
DATA16_AN
  Relative segment, address: 060E - 060E (0x1 bytes), align: 0
  Segment part 14. ROOT       Intra module refs:   senfchar
           ENTRY                   ADDRESS         REF BY
           =====                   =======         ======
           UCA1TXBUF               060E 
    -------------------------------------------------------------------------
DATA16_AN
  Relative segment, address: 061C - 061D (0x2 bytes), align: 0
  Segment part 15. ROOT       Intra module refs:   UART_Init
           ENTRY                   ADDRESS         REF BY
           =====                   =======         ======
           _A_UCA1ICTL_L           061C 
           LOCAL                   ADDRESS         
           =====                   =======         
           UCA1ICTL                061C 
           UCA1ICTL_H              061D 
           UCA1ICTL_L              061C 
    -------------------------------------------------------------------------
DATA16_AN
  Relative segment, address: 061E - 061F (0x2 bytes), align: 0
  Segment part 16. ROOT       Intra module refs:   USCI_A1_ISR
           ENTRY                   ADDRESS         REF BY
           =====                   =======         ======
           UCA1IV                  061E 
    -------------------------------------------------------------------------
DATA16_AN
  Relative segment, address: 015C - 015D (0x2 bytes), align: 0
  Segment part 17. ROOT       Intra module refs:   main
           ENTRY                   ADDRESS         REF BY
           =====                   =======         ======
           _A_WDTCTL_L             015C 
           LOCAL                   ADDRESS         
           =====                   =======         
           WDTCTL                  015C 
           WDTCTL_H                015D 
           WDTCTL_L                015C 
    -------------------------------------------------------------------------
DATA16_Z
  Relative segment, address: 2400 - 2403 (0x4 bytes), align: 1
  Segment part 23.            Intra module refs:   data_receive
           ENTRY                   ADDRESS         REF BY
           =====                   =======         ======
           anglez                  2400 
    -------------------------------------------------------------------------
DATA16_Z
  Relative segment, address: 2404 - 2404 (0x1 bytes), align: 0
  Segment part 24.            Intra module refs:   data_receive
           ENTRY                   ADDRESS         REF BY
           =====                   =======         ======
           RX_flag                 2404 
    -------------------------------------------------------------------------
DATA16_Z
  Relative segment, address: 2405 - 2440 (0x3c bytes), align: 0
  Segment part 25.            Intra module refs:   data_receive
           ENTRY                   ADDRESS         REF BY
           =====                   =======         ======
           uart1_RX                2405 
    -------------------------------------------------------------------------
DATA16_Z
  Relative segment, address: 2441 - 2441 (0x1 bytes), align: 0
  Segment part 26.            Intra module refs:   data_receive
           ENTRY                   ADDRESS         REF BY
           =====                   =======         ======
           count                   2441 
    -------------------------------------------------------------------------
<CODE> 1 (was CODE)
  Relative segment, address: 5A36 - 5A41 (0xc bytes), align: 1
  Segment part 27.            Intra module refs:   data_receive
           ENTRY                   ADDRESS         REF BY
           =====                   =======         ======
           senfchar                5A36 
    -------------------------------------------------------------------------
<CODE> 1 (was CODE)
  Relative segment, address: 587C - 58A3 (0x28 bytes), align: 1
  Segment part 30.            Intra module refs:   main
           ENTRY                   ADDRESS         REF BY
           =====                   =======         ======
           UART_Init               587C 
    -------------------------------------------------------------------------
<CODE> 1 (was CODE)
  Relative segment, address: 53FC - 54DD (0xe2 bytes), align: 1
  Segment part 31.            Intra module refs:   USCI_A1_ISR
           ENTRY                   ADDRESS         REF BY
           =====                   =======         ======
           data_receive            53FC 
               calls direct
    -------------------------------------------------------------------------
<CODE> 1 (was CODE)
  Relative segment, address: 590E - 5929 (0x1c bytes), align: 1
  Segment part 32.
           ENTRY                   ADDRESS         REF BY
           =====                   =======         ======
           main                    590E            Segment part 26 (?cstart)
               calls direct
    -------------------------------------------------------------------------
ISR_CODE
  Relative segment, address: 4436 - 444F (0x1a bytes), align: 1
  Segment part 33.            Intra module refs:   USCI_A1_ISR::??INTVEC 92
           ENTRY                   ADDRESS         REF BY
           =====                   =======         ======
           USCI_A1_ISR             4436 
               interrupt function
               calls direct
    -------------------------------------------------------------------------
INTVEC
  Common segment, address: FF80 - FFDD (0x5e bytes), align: 1
  Segment part 18. ROOT 
           ENTRY                   ADDRESS         REF BY
           =====                   =======         ======
           USCI_A1_ISR::??INTVEC 92
                                   FFDC 
    -------------------------------------------------------------------------
DATA16_C
  Relative segment, address: 4400 - 4404 (0x5 bytes), align: 0
  Segment part 20.            Intra module refs:   data_receive

    *************************************************************************

  FILE NAME : C:\Program Files (x86)\IAR Systems\Embedded Workbench 8.0\430\lib\dlib\dl430xlsfn.r43
  LIBRARY MODULE, NAME : ?__dbg_break

  SEGMENTS IN THE MODULE
  ======================
<CODE> 1 (was CODE)
  Relative segment, address: 5A64 - 5A65 (0x2 bytes), align: 1
  Segment part 2.
           ENTRY                   ADDRESS         REF BY
           =====                   =======         ======
           __DebugBreak            5A64            __exit (?__exit)

    -------------------------------------------------------------------------
  LIBRARY MODULE, NAME : ?__exit

  SEGMENTS IN THE MODULE
  ======================
<CODE> 1 (was CODE)
  Relative segment, address: 598E - 59A1 (0x14 bytes), align: 1
  Segment part 2.
           ENTRY                   ADDRESS         REF BY
           =====                   =======         ======
           __exit                  598E            Segment part 6 (?_exit)
                                                   _exit (?_exit)
               calls direct

    -------------------------------------------------------------------------
  LIBRARY MODULE, NAME : ?_exit

  SEGMENTS IN THE MODULE
  ======================
<CODE> 1 (was CODE)
  Relative segment, address: 5A58, align: 1
  Segment part 0.
           ENTRY                   ADDRESS         REF BY
           =====                   =======         ======
           _exit                   5A58            exit (?exit)
    -------------------------------------------------------------------------
<CODE> 1 (was CODE)
  Relative segment, address: 5A58 - 5A5B (0x4 bytes), align: 1
  Segment part 6.             Intra module refs:   _exit

    -------------------------------------------------------------------------
  LIBRARY MODULE, NAME : ?cstart

  SEGMENTS IN THE MODULE
  ======================
CSTACK
  Relative segment, address: 4360, align: 1
  Segment part 1.
    -------------------------------------------------------------------------
DATA16_Z
  Relative segment, address: 2404, align: 1
  Segment part 2.
    -------------------------------------------------------------------------
CODE_I
  Relative segment, address: 2442, align: 1
  Segment part 5.
    -------------------------------------------------------------------------
CODE_ID
  Relative segment, address: 5A66, align: 1
  Segment part 6.
    -------------------------------------------------------------------------
DATA20_Z
  Relative segment, address: 2442, align: 1
  Segment part 7.
    -------------------------------------------------------------------------
DATA20_I
  Relative segment, address: 2442, align: 1
  Segment part 8.
    -------------------------------------------------------------------------
DATA20_ID
  Relative segment, address: 5A66, align: 1
  Segment part 9.
    -------------------------------------------------------------------------
DATA20_C
  Relative segment, address: 5A66, align: 1
  Segment part 10.
    -------------------------------------------------------------------------
DATA20_N
  Relative segment, address: 2442, align: 1
  Segment part 12.
    -------------------------------------------------------------------------
CSTART
  Relative segment, address: 441E - 4421 (0x4 bytes), align: 1
  Segment part 15.
           ENTRY                   ADDRESS         REF BY
           =====                   =======         ======
           __program_start         441E            ?reset_vector (?reset_vector)
                                                   Absolute parts (?ABS_ENTRY_MOD)
           ?cstart_begin           441E 
    -------------------------------------------------------------------------
CSTART
  Relative segment, address: 4422 - 442D (0xc bytes), align: 1
  Segment part 19.
           ENTRY                   ADDRESS         REF BY
           =====                   =======         ======
           ?cstart_init_zero       4422            RX_flag (main)
                                                   anglez (main)
                                                   count (main)
                                                   uart1_RX (main)
    -------------------------------------------------------------------------
CSTART
  Relative segment, address: 442E - 4435 (0x8 bytes), align: 1
  Segment part 26.            Intra module refs:   Segment part 15
           ENTRY                   ADDRESS         REF BY
           =====                   =======         ======
           ?cstart_call_main       442E 
           ?cstart_end             4436 
    -------------------------------------------------------------------------
CODE_ID
  Relative segment, address: 5A66, align: 1
  Segment part 27.            Intra module refs:   Segment part 5

    -------------------------------------------------------------------------
  LIBRARY MODULE, NAME : ?reset_vector

  SEGMENTS IN THE MODULE
  ======================
RESET
  Relative segment, address: FFFE - FFFF (0x2 bytes), align: 1
  Segment part 0.
           ENTRY                   ADDRESS         REF BY
           =====                   =======         ======
           ?reset_vector           FFFE            Segment part 15 (?cstart)

    -------------------------------------------------------------------------
  LIBRARY MODULE, NAME : ?div64i

  SEGMENTS IN THE MODULE
  ======================
<CODE> 1 (was CODE)
  Relative segment, address: 54DE - 557F (0xa2 bytes), align: 1
  Segment part 2.
           ENTRY                   ADDRESS         REF BY
           =====                   =======         ======
           _Div64u                 54DE            _LitobLarge (?xprintflarge)
    -------------------------------------------------------------------------
<CODE> 1 (was CODE)
  Relative segment, address: 5946 - 595F (0x1a bytes), align: 1
  Segment part 4.             Intra module refs:   _Div64u

    -------------------------------------------------------------------------
  LIBRARY MODULE, NAME : ?div

  SEGMENTS IN THE MODULE
  ======================
<CODE> 1 (was CODE)
  Relative segment, address: 5978 - 598D (0x16 bytes), align: 1
  Segment part 0.
           ENTRY                   ADDRESS         REF BY
           =====                   =======         ======
           div                     5978            _GenldLarge (?xprintflarge)

    -------------------------------------------------------------------------
  LIBRARY MODULE, NAME : ?exit

  SEGMENTS IN THE MODULE
  ======================
<CODE> 1 (was CODE)
  Relative segment, address: 5A5C - 5A5F (0x4 bytes), align: 1
  Segment part 2.
           ENTRY                   ADDRESS         REF BY
           =====                   =======         ======
           exit                    5A5C            Segment part 26 (?cstart)
               calls direct

    -------------------------------------------------------------------------
  LIBRARY MODULE, NAME : ?Mul32fHw32

  SEGMENTS IN THE MODULE
  ======================
<CODE> 1 (was CODE)
  Relative segment, address: 52E6 - 53FB (0x116 bytes), align: 1
  Segment part 0.
           ENTRY                   ADDRESS         REF BY
           =====                   =======         ======
           ?Mul32fHw32             52E6            _LdtobLarge (?xprintflarge)
                                                   data_receive (main)
                                                   scale (?xprintflarge)

    -------------------------------------------------------------------------
  LIBRARY MODULE, NAME : ?Cast32f32i

  SEGMENTS IN THE MODULE
  ======================
<CODE> 1 (was CODE)
  Relative segment, address: 5580 - 5593 (0x14 bytes), align: 1
  Segment part 0.
           ENTRY                   ADDRESS         REF BY
           =====                   =======         ======
           _Cast32sto32f           5580            data_receive (main)
    -------------------------------------------------------------------------
<CODE> 1 (was CODE)
  Relative segment, address: 5594 - 5611 (0x7e bytes), align: 1
  Segment part 1.             Intra module refs:   _Cast32sto32f
           ENTRY                   ADDRESS         REF BY
           =====                   =======         ======
           _Cast32uto32f           5594            _LdtobLarge (?xprintflarge)

    -------------------------------------------------------------------------
  LIBRARY MODULE, NAME : _Cast32fto32u

  SEGMENTS IN THE MODULE
  ======================
<CODE> 1 (was CODE)
  Relative segment, address: 5A2A - 5A35 (0xc bytes), align: 1
  Segment part 0.
           ENTRY                   ADDRESS         REF BY
           =====                   =======         ======
           _Cast32fto32u           5A2A            _LdtobLarge (?xprintflarge)

    -------------------------------------------------------------------------
  LIBRARY MODULE, NAME : ?FLT_Extract

  SEGMENTS IN THE MODULE
  ======================
<CODE> 1 (was CODE)
  Relative segment, address: 5664 - 56AF (0x4c bytes), align: 1
  Segment part 0.
           ENTRY                   ADDRESS         REF BY
           =====                   =======         ======
           ?FLT_Extract            5664            _Cast32fto32u (_Cast32fto32u)

    -------------------------------------------------------------------------
  LIBRARY MODULE, NAME : ?FLT_LT

  SEGMENTS IN THE MODULE
  ======================
<CODE> 1 (was CODE)
  Relative segment, address: 5612 - 5663 (0x52 bytes), align: 1
  Segment part 0.
           ENTRY                   ADDRESS         REF BY
           =====                   =======         ======
           ?FLT_LT                 5612            _LdtobLarge (?xprintflarge)

    -------------------------------------------------------------------------
  LIBRARY MODULE, NAME : _Div32f

  SEGMENTS IN THE MODULE
  ======================
<CODE> 1 (was CODE)
  Relative segment, address: 51B6 - 52E5 (0x130 bytes), align: 1
  Segment part 0.
           ENTRY                   ADDRESS         REF BY
           =====                   =======         ======
           _Div32f                 51B6            _LdtobLarge (?xprintflarge)
                                                   data_receive (main)

    -------------------------------------------------------------------------
  LIBRARY MODULE, NAME : _Add32f

  SEGMENTS IN THE MODULE
  ======================
<CODE> 1 (was CODE)
  Relative segment, address: 5052 - 5055 (0x4 bytes), align: 1
  Segment part 0.
           ENTRY                   ADDRESS         REF BY
           =====                   =======         ======
           _Sub32f                 5052            _LdtobLarge (?xprintflarge)
    -------------------------------------------------------------------------
<CODE> 1 (was CODE)
  Relative segment, address: 5056 - 51B5 (0x160 bytes), align: 1
  Segment part 1.             Intra module refs:   _Sub32f
           ENTRY                   ADDRESS         REF BY
           =====                   =======         ======
           _Add32f                 5056 

    -------------------------------------------------------------------------
  LIBRARY MODULE, NAME : ?DivMod816u

  SEGMENTS IN THE MODULE
  ======================
<CODE> 1 (was CODE)
  Relative segment, address: 5960 - 5977 (0x18 bytes), align: 1
  Segment part 1.
           ENTRY                   ADDRESS         REF BY
           =====                   =======         ======
           ?DivMod16u              5960            ?DivMod16s (?DivMod816s)

    -------------------------------------------------------------------------
  LIBRARY MODULE, NAME : ?DivMod816s

  SEGMENTS IN THE MODULE
  ======================
<CODE> 1 (was CODE)
  Relative segment, address: 57F0 - 581F (0x30 bytes), align: 1
  Segment part 1.
           ENTRY                   ADDRESS         REF BY
           =====                   =======         ======
           ?DivMod16s              57F0            div (?div)

    -------------------------------------------------------------------------
  LIBRARY MODULE, NAME : ?DivMod32u

  SEGMENTS IN THE MODULE
  ======================
<CODE> 1 (was CODE)
  Relative segment, address: 5820 - 584F (0x30 bytes), align: 1
  Segment part 0.
           ENTRY                   ADDRESS         REF BY
           =====                   =======         ======
           ?DivMod32u              5820            ?DivMod32s (?DivMod32s)
                                                   _LdtobLarge (?xprintflarge)

    -------------------------------------------------------------------------
  LIBRARY MODULE, NAME : ?DivMod32s

  SEGMENTS IN THE MODULE
  ======================
<CODE> 1 (was CODE)
  Relative segment, address: 573C - 577B (0x40 bytes), align: 1
  Segment part 0.
           ENTRY                   ADDRESS         REF BY
           =====                   =======         ======
           ?DivMod32s              573C            _LdtobLarge (?xprintflarge)

    -------------------------------------------------------------------------
  LIBRARY MODULE, NAME : ?memchr

  SEGMENTS IN THE MODULE
  ======================
<CODE> 1 (was CODE)
  Relative segment, address: 59A2 - 59B5 (0x14 bytes), align: 1
  Segment part 2.
           ENTRY                   ADDRESS         REF BY
           =====                   =======         ======
           __iar_Memchr            59A2            _PrintfLarge (?xprintflarge)

    -------------------------------------------------------------------------
  LIBRARY MODULE, NAME : ?memcpy

  SEGMENTS IN THE MODULE
  ======================
<CODE> 1 (was CODE)
  Relative segment, address: 59EC - 59FD (0x12 bytes), align: 1
  Segment part 2.
           ENTRY                   ADDRESS         REF BY
           =====                   =======         ======
           memcpy                  59EC            Segment part 12 (?xprintflarge)
                                                   _GenldLarge (?xprintflarge)
                                                   _LdtobLarge (?xprintflarge)

    -------------------------------------------------------------------------
  LIBRARY MODULE, NAME : ?memset

  SEGMENTS IN THE MODULE
  ======================
<CODE> 1 (was CODE)
  Relative segment, address: 59B6 - 59C7 (0x12 bytes), align: 1
  Segment part 2.
           ENTRY                   ADDRESS         REF BY
           =====                   =======         ======
           memset                  59B6            data_receive (main)

    -------------------------------------------------------------------------
  LIBRARY MODULE, NAME : ?memzero

  SEGMENTS IN THE MODULE
  ======================
<CODE> 1 (was CODE)
  Relative segment, address: 59FE - 5A0D (0x10 bytes), align: 1
  Segment part 2.
           ENTRY                   ADDRESS         REF BY
           =====                   =======         ======
           __data16_memzero        59FE            ?cstart_init_zero (?cstart)

    -------------------------------------------------------------------------
  LIBRARY MODULE, NAME : ?Mul8Hw

  SEGMENTS IN THE MODULE
  ======================
<CODE> 1 (was CODE)
  Relative segment, address: 58EE - 58F1 (0x4 bytes), align: 1
  Segment part 0.
           ENTRY                   ADDRESS         REF BY
           =====                   =======         ======
           ?Mul8Hw                 58EE            _LitobLarge (?xprintflarge)
    -------------------------------------------------------------------------
<CODE> 1 (was CODE)
  Relative segment, address: 58F2 - 590D (0x1c bytes), align: 1
  Segment part 1.             Intra module refs:   ?Mul8Hw
           ENTRY                   ADDRESS         REF BY
           =====                   =======         ======
           ?Mul16Hw                58F2 
           ?Mul16to32uHw           58F2 

    -------------------------------------------------------------------------
  LIBRARY MODULE, NAME : ?Mul16to32sHw

  SEGMENTS IN THE MODULE
  ======================
<CODE> 1 (was CODE)
  Relative segment, address: 592A - 5945 (0x1c bytes), align: 1
  Segment part 0.
           ENTRY                   ADDRESS         REF BY
           =====                   =======         ======
           ?Mul16to32sHw           592A            _LdtobLarge (?xprintflarge)

    -------------------------------------------------------------------------
  LIBRARY MODULE, NAME : ?IndCallR11

  SEGMENTS IN THE MODULE
  ======================
<CODE> 1 (was CODE)
  Relative segment, address: 5A60 - 5A63 (0x4 bytes), align: 1
  Segment part 0.
           ENTRY                   ADDRESS         REF BY
           =====                   =======         ======
           ?IndCallR11             5A60            _PutcharLarge (?xprintflarge)

    -------------------------------------------------------------------------
  LIBRARY MODULE, NAME : ?sprintf

  SEGMENTS IN THE MODULE
  ======================
<CODE> 1 (was CODE)
  Relative segment, address: 56F6 - 573B (0x46 bytes), align: 1
  Segment part 2.
           ENTRY                   ADDRESS         REF BY
           =====                   =======         ======
           sprintf                 56F6            data_receive (main)
               calls direct

    -------------------------------------------------------------------------
  LIBRARY MODULE, NAME : ?strchr

  SEGMENTS IN THE MODULE
  ======================
<CODE> 1 (was CODE)
  Relative segment, address: 5A1C - 5A29 (0xe bytes), align: 1
  Segment part 2.
           ENTRY                   ADDRESS         REF BY
           =====                   =======         ======
           __iar_Strchr            5A1C            _PrintfLarge (?xprintflarge)

    -------------------------------------------------------------------------
  LIBRARY MODULE, NAME : ?strlen

  SEGMENTS IN THE MODULE
  ======================
<CODE> 1 (was CODE)
  Relative segment, address: 59DA - 59EB (0x12 bytes), align: 1
  Segment part 2.
           ENTRY                   ADDRESS         REF BY
           =====                   =======         ======
           strlen                  59DA            _PrintfLarge (?xprintflarge)

    -------------------------------------------------------------------------
  LIBRARY MODULE, NAME : ?xdunscal

  SEGMENTS IN THE MODULE
  ======================
<CODE> 1 (was CODE)
  Relative segment, address: 56B0 - 56F5 (0x46 bytes), align: 1
  Segment part 2.
           ENTRY                   ADDRESS         REF BY
           =====                   =======         ======
           __iar_Dunscale          56B0            _LdtobLarge (?xprintflarge)

    -------------------------------------------------------------------------
  LIBRARY MODULE, NAME : ?xprintflarge

  SEGMENTS IN THE MODULE
  ======================
<CODE> 1 (was CODE)
  Relative segment, address: 4BBA - 5051 (0x498 bytes), align: 1
  Segment part 19.
           ENTRY                   ADDRESS         REF BY
           =====                   =======         ======
           _PrintfLarge            4BBA            sprintf (?sprintf)
               calls direct
    -------------------------------------------------------------------------
<CODE> 1 (was CODE)
  Relative segment, address: 58CC - 58D3 (0x8 bytes), align: 1
  Segment part 23.            Intra module refs:   Segment part 26
                                                   _PrintfLarge
    -------------------------------------------------------------------------
<CODE> 1 (was CODE)
  Relative segment, address: 58D4 - 58DB (0x8 bytes), align: 1
  Segment part 24.            Intra module refs:   _PrintfLarge
    -------------------------------------------------------------------------
<CODE> 1 (was CODE)
  Relative segment, address: 58DC - 58E7 (0xc bytes), align: 1
  Segment part 25.            Intra module refs:   Segment part 23
                                                   Segment part 24
    -------------------------------------------------------------------------
<CODE> 1 (was CODE)
  Relative segment, address: 58E8 - 58ED (0x6 bytes), align: 1
  Segment part 26.            Intra module refs:   _PrintfLarge
    -------------------------------------------------------------------------
<CODE> 1 (was CODE)
  Relative segment, address: 4450 - 44D3 (0x84 bytes), align: 1
  Segment part 8.             Intra module refs:   _PrintfLarge
           LOCAL                   ADDRESS         
           =====                   =======         
           LoadInt                 4450 
    -------------------------------------------------------------------------
<CODE> 1 (was CODE)
  Relative segment, address: 44D4 - 44E1 (0xe bytes), align: 1
  Segment part 9.             Intra module refs:   LoadInt
    -------------------------------------------------------------------------
<CODE> 1 (was CODE)
  Relative segment, address: 44E2 - 471F (0x23e bytes), align: 1
  Segment part 10.            Intra module refs:   _LdtobLarge
           LOCAL                   ADDRESS         
           =====                   =======         
           _GenldLarge             44E2 
               calls direct
    -------------------------------------------------------------------------
<CODE> 1 (was CODE)
  Relative segment, address: 4720 - 472F (0x10 bytes), align: 1
  Segment part 11.            Intra module refs:   _GenldLarge
    -------------------------------------------------------------------------
<CODE> 1 (was CODE)
  Relative segment, address: 4730 - 473D (0xe bytes), align: 1
  Segment part 12.            Intra module refs:   Segment part 11
                                                   _GenldLarge
    -------------------------------------------------------------------------
<CODE> 1 (was CODE)
  Relative segment, address: 473E - 475B (0x1e bytes), align: 1
  Segment part 13.            Intra module refs:   _GenldLarge
    -------------------------------------------------------------------------
<CODE> 1 (was CODE)
  Relative segment, address: 475C - 479D (0x42 bytes), align: 1
  Segment part 14.            Intra module refs:   _LdtobLarge
           LOCAL                   ADDRESS         
           =====                   =======         
           scale                   475C 
               calls direct
    -------------------------------------------------------------------------
<CODE> 1 (was CODE)
  Relative segment, address: 479E - 49DB (0x23e bytes), align: 1
  Segment part 15.            Intra module refs:   _PrintfLarge
           LOCAL                   ADDRESS         
           =====                   =======         
           _LdtobLarge             479E 
               calls direct
    -------------------------------------------------------------------------
<CODE> 1 (was CODE)
  Relative segment, address: 49DC - 4B9D (0x1c2 bytes), align: 1
  Segment part 16.            Intra module refs:   _PrintfLarge
           LOCAL                   ADDRESS         
           =====                   =======         
           _LitobLarge             49DC 
               calls direct
    -------------------------------------------------------------------------
<CODE> 1 (was CODE)
  Relative segment, address: 4B9E - 4BAF (0x12 bytes), align: 1
  Segment part 17.            Intra module refs:   _LitobLarge
    -------------------------------------------------------------------------
<CODE> 1 (was CODE)
  Relative segment, address: 4BB0 - 4BB9 (0xa bytes), align: 1
  Segment part 18.            Intra module refs:   LoadInt
                                                   _LitobLarge
                                                   _PrintfLarge
    -------------------------------------------------------------------------
<CODE> 1 (was CODE)
  Relative segment, address: 57BA - 57EF (0x36 bytes), align: 1
  Segment part 28.            Intra module refs:   Segment part 23
           LOCAL                   ADDRESS         
           =====                   =======         
           pad                     57BA 
               calls direct
    -------------------------------------------------------------------------
<CODE> 1 (was CODE)
  Relative segment, address: 58A4 - 58CB (0x28 bytes), align: 1
  Segment part 29.            Intra module refs:   _PrintfLarge
                                                   _PutcharsLarge
           LOCAL                   ADDRESS         
           =====                   =======         
           _PutcharLarge           58A4 
               calls indirect
    -------------------------------------------------------------------------
<CODE> 1 (was CODE)
  Relative segment, address: 5850 - 587B (0x2c bytes), align: 1
  Segment part 30.            Intra module refs:   Segment part 24
                                                   pad
           LOCAL                   ADDRESS         
           =====                   =======         
           _PutcharsLarge          5850 
               calls direct
    -------------------------------------------------------------------------
<CODE> 1 (was CODE)
  Relative segment, address: 5A0E - 5A1B (0xe bytes), align: 1
  Segment part 20.            Intra module refs:   _PrintfLarge
    -------------------------------------------------------------------------
<CODE> 1 (was CODE)
  Relative segment, address: 5A4E - 5A57 (0xa bytes), align: 1
  Segment part 21.            Intra module refs:   _PrintfLarge
    -------------------------------------------------------------------------
<CODE> 1 (was CODE)
  Relative segment, address: 59C8 - 59D9 (0x12 bytes), align: 1
  Segment part 22.            Intra module refs:   _PrintfLarge
    -------------------------------------------------------------------------
<CODE> 1 (was CODE)
  Relative segment, address: 577C - 57B9 (0x3e bytes), align: 1
  Segment part 27.            Intra module refs:   _PrintfLarge
    -------------------------------------------------------------------------
DATA16_C
  Relative segment, address: 4405 - 440B (0x7 bytes), align: 0
  Segment part 2.             Intra module refs:   _PrintfLarge
    -------------------------------------------------------------------------
DATA16_C
  Relative segment, address: 440C - 440F (0x4 bytes), align: 0
  Segment part 3.             Intra module refs:   _LdtobLarge
    -------------------------------------------------------------------------
DATA16_C
  Relative segment, address: 4410 - 4413 (0x4 bytes), align: 0
  Segment part 4.             Intra module refs:   _LdtobLarge
    -------------------------------------------------------------------------
DATA16_C
  Relative segment, address: 4414 - 4417 (0x4 bytes), align: 0
  Segment part 5.             Intra module refs:   _LdtobLarge
    -------------------------------------------------------------------------
DATA16_C
  Relative segment, address: 4418 - 441B (0x4 bytes), align: 0
  Segment part 6.             Intra module refs:   _LdtobLarge
    -------------------------------------------------------------------------
DATA16_C
  Relative segment, address: 441C - 441D (0x2 bytes), align: 0
  Segment part 7.             Intra module refs:   _GenldLarge

    -------------------------------------------------------------------------
  LIBRARY MODULE, NAME : ?xsprout

  SEGMENTS IN THE MODULE
  ======================
<CODE> 1 (was CODE)
  Relative segment, address: 5A42 - 5A4D (0xc bytes), align: 1
  Segment part 2.
           ENTRY                   ADDRESS         REF BY
           =====                   =======         ======
           _SProut                 5A42            sprintf (?sprintf)




                ****************************************
                *                                      *
                *      SEGMENTS IN ADDRESS ORDER       *
                *                                      *
                ****************************************


SEGMENT              SPACE    START ADDRESS   END ADDRESS     SIZE  TYPE  ALIGN
=======              =====    =============   ===========     ====  ====  =====
DATA16_AN                              0102 - 0103               2   rel    0
                                       015C - 015D               2 
                                       0160 - 0169               A 
                                       016E - 016F               2 
                                       022A - 022B               2 
                                       05DC - 05DD               2 
                                       0600 - 0601               2 
                                       0606 - 0608               3 
                                       060C - 060C               1 
                                       060E - 060E               1 
                                       061C - 061F               4 
DATA16_I                                  2400                       dse    0
DATA16_Z                               2400 - 2441              42   rel    1
DATA20_N                                  2442                       rel    1
DATA20_Z                                  2442                       rel    1
DATA20_I                                  2442                       rel    1
CODE_I                                    2442                       rel    1
CSTACK                                 4360 - 43FF              A0   rel    1
DATA16_C                               4400 - 441D              1E   rel    0
CSTART                                 441E - 4435              18   rel    1
ISR_CODE                               4436 - 444F              1A   rel    1
<CODE> 1                               4450 - 5A65            1616   rel    1
CODE_ID                                   5A66                       rel    1
DATA20_ID                                 5A66                       rel    1
DATA20_C                                  5A66                       rel    1
INTVEC                                 FF80 - FFDD              5E   com    1
RESET                                  FFFE - FFFF               2   rel    1

                ****************************************
                *                                      *
                *        END OF CROSS REFERENCE        *
                *                                      *
                ****************************************

 5 800 bytes of CODE  memory
   226 bytes of DATA  memory (+ 31 absolute )
    30 bytes of CONST memory

Errors: none
Warnings: none

