################################################################################
#                                                                              #
#      IAR Universal Linker V6.4.6.89                                          #
#                                                                              #
#           Link time     =  15/Jul/2022  11:37:18                             #
#           Target CPU    =  MSP430                                            #
#           List file     =  D:\diansai\悬挂控制系统\Debug\List\main.map       #
#           Output file 1 =  D:\diansai\悬挂控制系统\Debug\Exe\main.d43        #
#                            Format: ubrof10                                   #
#                            UBROF version 10.0.6                              #
#                            Using library modules for C-SPY (-rt)             #
#           Command line  =  -f C:\Users\19682\AppData\Local\Temp\EW5537.tmp   #
#                            (D:\diansai\悬挂控制系统\Debug\Obj\control.r43    #
#                            D:\diansai\悬挂控制系统\Debug\Obj\keys.r43        #
#                            D:\diansai\悬挂控制系统\Debug\Obj\main.r43        #
#                            D:\diansai\悬挂控制系统\Debug\Obj\oled.r43 -o     #
#                            D:\diansai\悬挂控制系统\Debug\Exe\main.d43 -l     #
#                            D:\diansai\悬挂控制系统\Debug\List\main.map       #
#                            -xms                                              #
#                            "-IC:\Program Files (x86)\IAR Systems\Embedded Wo #
#                            rkbench 8.0\430\LIB\"                             #
#                            -f                                                #
#                            "C:\Program Files (x86)\IAR Systems\Embedded Work #
#                            bench 8.0\430\config\linker\lnk430f5529.xcl"      #
#                            (-cmsp430 -D?CPU30_OFFSET=2 -QCODE_I=CODE_ID      #
#                            -QTLS16_I=TLS16_ID -D__iar_HWMUL=4C0              #
#                            -Z(CONST)INFO=1800-19FF                           #
#                            -Z(CONST)INFOA=1980-19FF                          #
#                            -Z(CONST)INFOB=1900-197F                          #
#                            -Z(CONST)INFOC=1880-18FF                          #
#                            -Z(CONST)INFOD=1800-187F                          #
#                            -Z(DATA)USBRAM=1C00-23FF                          #
#                            -Z(DATA)DATA16_I,DATA16_Z,DATA16_N,TLS16_I=2400-4 #
#                            3FF                                               #
#                            -Z(DATA)DATA16_HEAP+_DATA16_HEAP_SIZE             #
#                            -Z(DATA)CODE_I                                    #
#                            -Z(DATA)DATA20_I,DATA20_Z,DATA20_N,DATA20_HEAP+_D #
#                            ATA20_HEAP_SIZE                                   #
#                            -Z(DATA)CSTACK+_STACK_SIZE#                       #
#                            -Z(CONST)DATA16_C,DATA16_ID,TLS16_ID,DIFUNCT,CHEC #
#                            KSUM=4400-FF7F                                    #
#                            -Z(CODE)CSTART,ISR_CODE,CODE16=4400-FF7F          #
#                            -P(CODE)CODE=4400-FF7F,10000-243FF                #
#                            -Z(CONST)DATA20_C,DATA20_ID,CODE_ID=4400-FF7F,100 #
#                            40-243FF                                          #
#                            -Z(CODE)INTVEC=FF80-FFFF                          #
#                            -Z(CODE)RESET=FFFE-FFFF) -f                       #
#                            "C:\Program Files (x86)\IAR Systems\Embedded Work #
#                            bench 8.0\430\config\linker\multiplier32.xcl"     #
#                            (-e?Mul8Hw=?Mul8 -e?Mul16Hw=?Mul16                #
#                            -e?Mul16to32uHw=?Mul16to32u                       #
#                            -e?Mul16to32sHw=?Mul16to32s -e?Mul32Hw32=?Mul32   #
#                            -e?Mul64Hw32=_Mul64i                              #
#                            -e?Mul32u32uto64iHw32=_Mul32u32uto64i             #
#                            -e?Mul32fHw32=_Mul32f                             #
#                            -e_Mul64fHw32Ptr=_Mul64fPtr) -D_STACK_SIZE=A0     #
#                            -rt                                               #
#                            "C:\Program Files (x86)\IAR Systems\Embedded Work #
#                            bench 8.0\430\lib\dlib\dl430xlsfn.r43"            #
#                            -e_PrintfLarge=_Printf -e_ScanfLarge=_Scanf       #
#                            -D_DATA16_HEAP_SIZE=A0 -s __program_start         #
#                            -D_DATA20_HEAP_SIZE=50)                           #
#                                                                              #
#                           Copyright (C) 1987-2016 IAR Systems AB.            #
################################################################################





                ****************************************
                *                                      *
                *           CROSS REFERENCE            *
                *                                      *
                ****************************************

       Program entry at :           4C4C  Relocatable, from module : ?cstart




                ****************************************
                *                                      *
                *            RUNTIME MODEL             *
                *                                      *
                ****************************************

  __Heap_Handler             = Basic
  __SystemLibrary            = DLib
  __code_model               = large
  __core                     = 430X
  __data_model               = small
  __dlib_file_descriptor     = 0
  __dlib_full_locale_support = 0
  __double_size              = 32
  __pic                      = no
  __reg_r4                   = free
  __reg_r5                   = free
  __rt_version               = 3

                ****************************************
                *                                      *
                *    AUTOMATIC SYMBOL REDIRECTIONS     *
                *                                      *
                ****************************************

                  There are no automatic symbol redirections.



                ****************************************
                *                                      *
                *              MODULE MAP              *
                *                                      *
                ****************************************


  DEFINED ABSOLUTE ENTRIES
    *************************************************************************

  DEFINED ABSOLUTE ENTRIES
  PROGRAM MODULE, NAME : ?ABS_ENTRY_MOD

Absolute parts
           ENTRY                   ADDRESS         REF BY
           =====                   =======         ======
           _DATA20_HEAP_SIZE       0050 
           _DATA16_HEAP_SIZE       00A0 
           _STACK_SIZE             00A0 
           __iar_HWMUL             04C0            ?Mul32fHw32 (?Mul32fHw32)
                                                   OLED_ShowNum (oled)
                                                   main (main)
                                                   oled_pow (oled)
           ?CPU30_OFFSET           0002 
    *************************************************************************

  FILE NAME : D:\diansai\悬挂控制系统\Debug\Obj\control.r43
  PROGRAM MODULE, NAME : control

  SEGMENTS IN THE MODULE
  ======================
DATA16_AN
  Relative segment, address: 0202 - 0203 (0x2 bytes), align: 0
  Segment part 1. ROOT        Intra module refs:   cycle1_min_f
                                                   cycle1_min_s
                                                   cycle2_min_f
                                                   cycle2_min_s
                                                   down
                                                   init_one
                                                   init_two
                                                   left
                                                   right
                                                   up
           ENTRY                   ADDRESS         REF BY
           =====                   =======         ======
           _A_PAOUT_L              0202 
           LOCAL                   ADDRESS         
           =====                   =======         
           PAOUT                   0202 
           PAOUT_H                 0203 
           PAOUT_L                 0202 
    -------------------------------------------------------------------------
DATA16_AN
  Relative segment, address: 0204 - 0205 (0x2 bytes), align: 0
  Segment part 2. ROOT        Intra module refs:   init_one
                                                   init_two
           ENTRY                   ADDRESS         REF BY
           =====                   =======         ======
           _A_PADIR_L              0204 
           LOCAL                   ADDRESS         
           =====                   =======         
           PADIR                   0204 
           PADIR_H                 0205 
           PADIR_L                 0204 
    -------------------------------------------------------------------------
<CODE> 1 (was CODE)
  Relative segment, address: 6F6C - 6F79 (0xe bytes), align: 1
  Segment part 5.             Intra module refs:   cycle1_min_f
                                                   cycle1_min_s
                                                   cycle2_min_f
                                                   cycle2_min_s
                                                   down
                                                   left
                                                   right
                                                   up
           ENTRY                   ADDRESS         REF BY
           =====                   =======         ======
           Delay_nus               6F6C 
    -------------------------------------------------------------------------
<CODE> 1 (was CODE)
  Relative segment, address: 6F38 - 6F49 (0x12 bytes), align: 1
  Segment part 6.
           ENTRY                   ADDRESS         REF BY
           =====                   =======         ======
           init_one                6F38            main (main)
    -------------------------------------------------------------------------
<CODE> 1 (was CODE)
  Relative segment, address: 6F96 - 6FA3 (0xe bytes), align: 1
  Segment part 7.
           ENTRY                   ADDRESS         REF BY
           =====                   =======         ======
           init_two                6F96            main (main)
    -------------------------------------------------------------------------
<CODE> 1 (was CODE)
  Relative segment, address: 6C70 - 6CA9 (0x3a bytes), align: 1
  Segment part 8.
           ENTRY                   ADDRESS         REF BY
           =====                   =======         ======
           cycle1_min_f            6C70            main (main)
               calls direct
    -------------------------------------------------------------------------
<CODE> 1 (was CODE)
  Relative segment, address: 6C36 - 6C6F (0x3a bytes), align: 1
  Segment part 9.
           ENTRY                   ADDRESS         REF BY
           =====                   =======         ======
           cycle1_min_s            6C36            main (main)
               calls direct
    -------------------------------------------------------------------------
<CODE> 1 (was CODE)
  Relative segment, address: 6CE2 - 6D19 (0x38 bytes), align: 1
  Segment part 10.
           ENTRY                   ADDRESS         REF BY
           =====                   =======         ======
           cycle2_min_f            6CE2            main (main)
               calls direct
    -------------------------------------------------------------------------
<CODE> 1 (was CODE)
  Relative segment, address: 6CAA - 6CE1 (0x38 bytes), align: 1
  Segment part 11.
           ENTRY                   ADDRESS         REF BY
           =====                   =======         ======
           cycle2_min_s            6CAA            main (main)
               calls direct
    -------------------------------------------------------------------------
<CODE> 1 (was CODE)
  Relative segment, address: 6A58 - 6A9D (0x46 bytes), align: 1
  Segment part 16.
           ENTRY                   ADDRESS         REF BY
           =====                   =======         ======
           left                    6A58            main (main)
               calls direct
    -------------------------------------------------------------------------
<CODE> 1 (was CODE)
  Relative segment, address: 6B2A - 6B6F (0x46 bytes), align: 1
  Segment part 17.
           ENTRY                   ADDRESS         REF BY
           =====                   =======         ======
           right                   6B2A            main (main)
               calls direct
    -------------------------------------------------------------------------
<CODE> 1 (was CODE)
  Relative segment, address: 6A9E - 6AE3 (0x46 bytes), align: 1
  Segment part 18.
           ENTRY                   ADDRESS         REF BY
           =====                   =======         ======
           up                      6A9E            main (main)
               calls direct
    -------------------------------------------------------------------------
<CODE> 1 (was CODE)
  Relative segment, address: 6AE4 - 6B29 (0x46 bytes), align: 1
  Segment part 19.
           ENTRY                   ADDRESS         REF BY
           =====                   =======         ======
           down                    6AE4            main (main)
               calls direct

    *************************************************************************

  FILE NAME : D:\diansai\悬挂控制系统\Debug\Obj\keys.r43
  PROGRAM MODULE, NAME : keys

  SEGMENTS IN THE MODULE
  ======================
DATA16_AN
  Relative segment, address: 0220 - 0221 (0x2 bytes), align: 0
  Segment part 1. ROOT        Intra module refs:   scanKey
           ENTRY                   ADDRESS         REF BY
           =====                   =======         ======
           _A_PBIN_L               0220 
           LOCAL                   ADDRESS         
           =====                   =======         
           PBIN                    0220 
           PBIN_H                  0221 
           PBIN_L                  0220 
    -------------------------------------------------------------------------
DATA16_AN
  Relative segment, address: 0222 - 0223 (0x2 bytes), align: 0
  Segment part 2. ROOT        Intra module refs:   IIC_Start (oled)
                                                   IIC_Stop (oled)
                                                   IIC_Wait_Ack (oled)
                                                   Write_IIC_Byte (oled)
                                                   keyboard_init
           ENTRY                   ADDRESS         REF BY
           =====                   =======         ======
           _A_PBOUT_L              0222 
           LOCAL                   ADDRESS         
           =====                   =======         
           PBOUT                   0222 
           PBOUT_H                 0223 
           PBOUT_L                 0222 
    -------------------------------------------------------------------------
DATA16_AN
  Relative segment, address: 0224 - 0225 (0x2 bytes), align: 0
  Segment part 3. ROOT        Intra module refs:   OLED_Init (oled)
                                                   keyboard_init
           ENTRY                   ADDRESS         REF BY
           =====                   =======         ======
           _A_PBDIR_L              0224 
           LOCAL                   ADDRESS         
           =====                   =======         
           PBDIR                   0224 
           PBDIR_H                 0225 
           PBDIR_L                 0224 
    -------------------------------------------------------------------------
DATA16_AN
  Relative segment, address: 0226 - 0227 (0x2 bytes), align: 0
  Segment part 4. ROOT        Intra module refs:   keyboard_init
           ENTRY                   ADDRESS         REF BY
           =====                   =======         ======
           _A_PBREN_L              0226 
           LOCAL                   ADDRESS         
           =====                   =======         
           PBREN                   0226 
           PBREN_H                 0227 
           PBREN_L                 0226 
    -------------------------------------------------------------------------
DATA16_AN
  Relative segment, address: 022A - 022B (0x2 bytes), align: 0
  Segment part 5. ROOT        Intra module refs:   keyboard_init
           ENTRY                   ADDRESS         REF BY
           =====                   =======         ======
           _A_PBSEL_L              022A 
           LOCAL                   ADDRESS         
           =====                   =======         
           PBSEL                   022A 
           PBSEL_H                 022B 
           PBSEL_L                 022A 
    -------------------------------------------------------------------------
DATA16_AN
  Relative segment, address: 0240 - 0241 (0x2 bytes), align: 0
  Segment part 6. ROOT        Intra module refs:   scanKey
           ENTRY                   ADDRESS         REF BY
           =====                   =======         ======
           _A_PCIN_L               0240 
           LOCAL                   ADDRESS         
           =====                   =======         
           PCIN                    0240 
           PCIN_H                  0241 
           PCIN_L                  0240 
    -------------------------------------------------------------------------
DATA16_AN
  Relative segment, address: 0242 - 0243 (0x2 bytes), align: 0
  Segment part 7. ROOT        Intra module refs:   keyboard_init
                                                   scanKey
           ENTRY                   ADDRESS         REF BY
           =====                   =======         ======
           _A_PCOUT_L              0242 
           LOCAL                   ADDRESS         
           =====                   =======         
           PCOUT                   0242 
           PCOUT_H                 0243 
           PCOUT_L                 0242 
    -------------------------------------------------------------------------
DATA16_AN
  Relative segment, address: 0244 - 0245 (0x2 bytes), align: 0
  Segment part 8. ROOT        Intra module refs:   keyboard_init
           ENTRY                   ADDRESS         REF BY
           =====                   =======         ======
           _A_PCDIR_L              0244 
           LOCAL                   ADDRESS         
           =====                   =======         
           PCDIR                   0244 
           PCDIR_H                 0245 
           PCDIR_L                 0244 
    -------------------------------------------------------------------------
DATA16_AN
  Relative segment, address: 0246 - 0247 (0x2 bytes), align: 0
  Segment part 9. ROOT        Intra module refs:   keyboard_init
           ENTRY                   ADDRESS         REF BY
           =====                   =======         ======
           _A_PCREN_L              0246 
           LOCAL                   ADDRESS         
           =====                   =======         
           PCREN                   0246 
           PCREN_H                 0247 
           PCREN_L                 0246 
    -------------------------------------------------------------------------
DATA16_AN
  Relative segment, address: 024A - 024B (0x2 bytes), align: 0
  Segment part 10. ROOT       Intra module refs:   keyboard_init
           ENTRY                   ADDRESS         REF BY
           =====                   =======         ======
           _A_PCSEL_L              024A 
           LOCAL                   ADDRESS         
           =====                   =======         
           PCSEL                   024A 
           PCSEL_H                 024B 
           PCSEL_L                 024A 
    -------------------------------------------------------------------------
DATA16_AN
  Relative segment, address: 0260 - 0261 (0x2 bytes), align: 0
  Segment part 11. ROOT       Intra module refs:   scanKey
           ENTRY                   ADDRESS         REF BY
           =====                   =======         ======
           _A_PDIN_L               0260 
           LOCAL                   ADDRESS         
           =====                   =======         
           PDIN                    0260 
           PDIN_H                  0261 
           PDIN_L                  0260 
    -------------------------------------------------------------------------
DATA16_AN
  Relative segment, address: 0262 - 0263 (0x2 bytes), align: 0
  Segment part 12. ROOT       Intra module refs:   keyboard_init
           ENTRY                   ADDRESS         REF BY
           =====                   =======         ======
           _A_PDOUT_L              0262 
           LOCAL                   ADDRESS         
           =====                   =======         
           PDOUT                   0262 
           PDOUT_H                 0263 
           PDOUT_L                 0262 
    -------------------------------------------------------------------------
DATA16_AN
  Relative segment, address: 0264 - 0265 (0x2 bytes), align: 0
  Segment part 13. ROOT       Intra module refs:   keyboard_init
           ENTRY                   ADDRESS         REF BY
           =====                   =======         ======
           _A_PDDIR_L              0264 
           LOCAL                   ADDRESS         
           =====                   =======         
           PDDIR                   0264 
           PDDIR_H                 0265 
           PDDIR_L                 0264 
    -------------------------------------------------------------------------
DATA16_AN
  Relative segment, address: 0266 - 0267 (0x2 bytes), align: 0
  Segment part 14. ROOT       Intra module refs:   keyboard_init
           ENTRY                   ADDRESS         REF BY
           =====                   =======         ======
           _A_PDREN_L              0266 
           LOCAL                   ADDRESS         
           =====                   =======         
           PDREN                   0266 
           PDREN_H                 0267 
           PDREN_L                 0266 
    -------------------------------------------------------------------------
DATA16_AN
  Relative segment, address: 026A - 026B (0x2 bytes), align: 0
  Segment part 15. ROOT       Intra module refs:   keyboard_init
           ENTRY                   ADDRESS         REF BY
           =====                   =======         ======
           _A_PDSEL_L              026A 
           LOCAL                   ADDRESS         
           =====                   =======         
           PDSEL                   026A 
           PDSEL_H                 026B 
           PDSEL_L                 026A 
    -------------------------------------------------------------------------
<CODE> 1 (was CODE)
  Relative segment, address: 68FE - 6963 (0x66 bytes), align: 1
  Segment part 17.
           ENTRY                   ADDRESS         REF BY
           =====                   =======         ======
           keyboard_init           68FE            main (main)
    -------------------------------------------------------------------------
<CODE> 1 (was CODE)
  Relative segment, address: 5A26 - 5B95 (0x170 bytes), align: 1
  Segment part 18.
           ENTRY                   ADDRESS         REF BY
           =====                   =======         ======
           scanKey                 5A26            main (main)

    *************************************************************************

  FILE NAME : D:\diansai\悬挂控制系统\Debug\Obj\main.r43
  PROGRAM MODULE, NAME : main

  SEGMENTS IN THE MODULE
  ======================
DATA16_AN
  Relative segment, address: 015C - 015D (0x2 bytes), align: 0
  Segment part 1. ROOT        Intra module refs:   main
           ENTRY                   ADDRESS         REF BY
           =====                   =======         ======
           _A_WDTCTL_L             015C 
           LOCAL                   ADDRESS         
           =====                   =======         
           WDTCTL                  015C 
           WDTCTL_H                015D 
           WDTCTL_L                015C 
    -------------------------------------------------------------------------
DATA16_Z
  Relative segment, address: 2408 - 2409 (0x2 bytes), align: 1
  Segment part 7.             Intra module refs:   main
           ENTRY                   ADDRESS         REF BY
           =====                   =======         ======
           flag                    2408 
    -------------------------------------------------------------------------
DATA16_Z
  Relative segment, address: 240A - 240B (0x2 bytes), align: 1
  Segment part 8.             Intra module refs:   main
           ENTRY                   ADDRESS         REF BY
           =====                   =======         ======
           x                       240A 
    -------------------------------------------------------------------------
DATA16_Z
  Relative segment, address: 240C - 240D (0x2 bytes), align: 1
  Segment part 9.             Intra module refs:   main
           ENTRY                   ADDRESS         REF BY
           =====                   =======         ======
           y                       240C 
    -------------------------------------------------------------------------
DATA16_Z
  Relative segment, address: 2414 - 2415 (0x2 bytes), align: 0
  Segment part 10.            Intra module refs:   main
           ENTRY                   ADDRESS         REF BY
           =====                   =======         ======
           datax                   2414 
    -------------------------------------------------------------------------
DATA16_Z
  Relative segment, address: 2416 - 2417 (0x2 bytes), align: 0
  Segment part 11.            Intra module refs:   main
           ENTRY                   ADDRESS         REF BY
           =====                   =======         ======
           datay                   2416 
    -------------------------------------------------------------------------
DATA16_I
  Relative segment, address: 2400 - 2403 (0x4 bytes), align: 1
  Segment part 12.            Intra module refs:   main
           ENTRY                   ADDRESS         REF BY
           =====                   =======         ======
           zerox                   2400 
    -------------------------------------------------------------------------
DATA16_I
  Relative segment, address: 2404 - 2407 (0x4 bytes), align: 1
  Segment part 14.            Intra module refs:   main
           ENTRY                   ADDRESS         REF BY
           =====                   =======         ======
           zeroy                   2404 
    -------------------------------------------------------------------------
DATA16_Z
  Relative segment, address: 240E - 2411 (0x4 bytes), align: 1
  Segment part 16.            Intra module refs:   main
           ENTRY                   ADDRESS         REF BY
           =====                   =======         ======
           angle                   240E 
    -------------------------------------------------------------------------
<CODE> 1 (was CODE)
  Relative segment, address: 4C74 - 5A25 (0xdb2 bytes), align: 1
  Segment part 17.
           ENTRY                   ADDRESS         REF BY
           =====                   =======         ======
           main                    4C74            Segment part 26 (?cstart)
               calls direct
    -------------------------------------------------------------------------
DATA16_ID
  Relative segment, address: 4C44 - 4C47 (0x4 bytes), align: 1
  Segment part 13.            Intra module refs:   zerox
    -------------------------------------------------------------------------
DATA16_ID
  Relative segment, address: 4C48 - 4C4B (0x4 bytes), align: 1
  Segment part 15.            Intra module refs:   zeroy
    -------------------------------------------------------------------------
DATA16_C
  Relative segment, address: 4420 - 4425 (0x6 bytes), align: 0
  Segment part 3.             Intra module refs:   main
    -------------------------------------------------------------------------
DATA16_C
  Relative segment, address: 4426 - 4428 (0x3 bytes), align: 0
  Segment part 4.             Intra module refs:   main
    -------------------------------------------------------------------------
DATA16_C
  Relative segment, address: 4429 - 442B (0x3 bytes), align: 0
  Segment part 5.             Intra module refs:   main

    *************************************************************************

  FILE NAME : D:\diansai\悬挂控制系统\Debug\Obj\oled.r43
  PROGRAM MODULE, NAME : oled

  SEGMENTS IN THE MODULE
  ======================
DATA16_C
  Relative segment, address: 442C - 4653 (0x228 bytes), align: 0
  Segment part 6.             Intra module refs:   OLED_ShowChar
           ENTRY                   ADDRESS         REF BY
           =====                   =======         ======
           F6x8                    442C 
    -------------------------------------------------------------------------
DATA16_C
  Relative segment, address: 4654 - 4C43 (0x5f0 bytes), align: 0
  Segment part 7.             Intra module refs:   OLED_ShowChar
           ENTRY                   ADDRESS         REF BY
           =====                   =======         ======
           F8X16                   4654 
    -------------------------------------------------------------------------
<CODE> 1 (was CODE)
  Relative segment, address: 6F4A - 6F5B (0x12 bytes), align: 1
  Segment part 10.            Intra module refs:   Write_IIC_Command
                                                   Write_IIC_Data
           ENTRY                   ADDRESS         REF BY
           =====                   =======         ======
           IIC_Start               6F4A 
    -------------------------------------------------------------------------
<CODE> 1 (was CODE)
  Relative segment, address: 6F7A - 6F87 (0xe bytes), align: 1
  Segment part 11.            Intra module refs:   Write_IIC_Command
                                                   Write_IIC_Data
           ENTRY                   ADDRESS         REF BY
           =====                   =======         ======
           IIC_Stop                6F7A 
    -------------------------------------------------------------------------
<CODE> 1 (was CODE)
  Relative segment, address: 6FDE - 6FE7 (0xa bytes), align: 1
  Segment part 12.            Intra module refs:   Write_IIC_Command
                                                   Write_IIC_Data
           ENTRY                   ADDRESS         REF BY
           =====                   =======         ======
           IIC_Wait_Ack            6FDE 
    -------------------------------------------------------------------------
<CODE> 1 (was CODE)
  Relative segment, address: 6DE0 - 6E0F (0x30 bytes), align: 1
  Segment part 13.            Intra module refs:   Write_IIC_Command
                                                   Write_IIC_Data
           ENTRY                   ADDRESS         REF BY
           =====                   =======         ======
           Write_IIC_Byte          6DE0 
    -------------------------------------------------------------------------
<CODE> 1 (was CODE)
  Relative segment, address: 6E3C - 6E65 (0x2a bytes), align: 1
  Segment part 14.            Intra module refs:   OLED_WR_Byte
           ENTRY                   ADDRESS         REF BY
           =====                   =======         ======
           Write_IIC_Command       6E3C 
               calls direct
    -------------------------------------------------------------------------
<CODE> 1 (was CODE)
  Relative segment, address: 6E10 - 6E3B (0x2c bytes), align: 1
  Segment part 15.            Intra module refs:   OLED_WR_Byte
           ENTRY                   ADDRESS         REF BY
           =====                   =======         ======
           Write_IIC_Data          6E10 
               calls direct
    -------------------------------------------------------------------------
<CODE> 1 (was CODE)
  Relative segment, address: 6FC8 - 6FD3 (0xc bytes), align: 1
  Segment part 16.            Intra module refs:   OLED_Clear
                                                   OLED_Init
                                                   OLED_Set_Pos
                                                   OLED_ShowChar
           ENTRY                   ADDRESS         REF BY
           =====                   =======         ======
           OLED_WR_Byte            6FC8 
               calls direct
    -------------------------------------------------------------------------
<CODE> 1 (was CODE)
  Relative segment, address: 6ED0 - 6EE7 (0x18 bytes), align: 1
  Segment part 18.            Intra module refs:   OLED_Init
           ENTRY                   ADDRESS         REF BY
           =====                   =======         ======
           Delay_1ms               6ED0 
    -------------------------------------------------------------------------
<CODE> 1 (was CODE)
  Relative segment, address: 6D1A - 6D4D (0x34 bytes), align: 1
  Segment part 19.            Intra module refs:   OLED_ShowChar
           ENTRY                   ADDRESS         REF BY
           =====                   =======         ======
           OLED_Set_Pos            6D1A 
               calls direct
    -------------------------------------------------------------------------
<CODE> 1 (was CODE)
  Relative segment, address: 6BB6 - 6BF7 (0x42 bytes), align: 1
  Segment part 22.
           ENTRY                   ADDRESS         REF BY
           =====                   =======         ======
           OLED_Clear              6BB6            main (main)
               calls direct
    -------------------------------------------------------------------------
<CODE> 1 (was CODE)
  Relative segment, address: 661E - 66BB (0x9e bytes), align: 1
  Segment part 24.            Intra module refs:   OLED_ShowNum
                                                   OLED_ShowString
           ENTRY                   ADDRESS         REF BY
           =====                   =======         ======
           OLED_ShowChar           661E 
               calls direct
    -------------------------------------------------------------------------
<CODE> 1 (was CODE)
  Relative segment, address: 6E66 - 6E8F (0x2a bytes), align: 1
  Segment part 25.            Intra module refs:   OLED_ShowNum
           ENTRY                   ADDRESS         REF BY
           =====                   =======         ======
           oled_pow                6E66 
    -------------------------------------------------------------------------
<CODE> 1 (was CODE)
  Relative segment, address: 6554 - 661D (0xca bytes), align: 1
  Segment part 26.
           ENTRY                   ADDRESS         REF BY
           =====                   =======         ======
           OLED_ShowNum            6554            main (main)
               calls direct
    -------------------------------------------------------------------------
<CODE> 1 (was CODE)
  Relative segment, address: 6BF8 - 6C35 (0x3e bytes), align: 1
  Segment part 27.
           ENTRY                   ADDRESS         REF BY
           =====                   =======         ======
           OLED_ShowString         6BF8            main (main)
               calls direct
    -------------------------------------------------------------------------
<CODE> 1 (was CODE)
  Relative segment, address: 5E2A - 5F41 (0x118 bytes), align: 1
  Segment part 31.
           ENTRY                   ADDRESS         REF BY
           =====                   =======         ======
           OLED_Init               5E2A            main (main)
               calls direct

    *************************************************************************

  FILE NAME : C:\Program Files (x86)\IAR Systems\Embedded Workbench 8.0\430\lib\dlib\dl430xlsfn.r43
  LIBRARY MODULE, NAME : ?__dbg_break

  SEGMENTS IN THE MODULE
  ======================
<CODE> 1 (was CODE)
  Relative segment, address: 7014 - 7015 (0x2 bytes), align: 1
  Segment part 2.
           ENTRY                   ADDRESS         REF BY
           =====                   =======         ======
           __DebugBreak            7014            __exit (?__exit)

    -------------------------------------------------------------------------
  LIBRARY MODULE, NAME : ?__exit

  SEGMENTS IN THE MODULE
  ======================
<CODE> 1 (was CODE)
  Relative segment, address: 6F12 - 6F25 (0x14 bytes), align: 1
  Segment part 2.
           ENTRY                   ADDRESS         REF BY
           =====                   =======         ======
           __exit                  6F12            Segment part 6 (?_exit)
                                                   _exit (?_exit)
               calls direct

    -------------------------------------------------------------------------
  LIBRARY MODULE, NAME : ?acos

  SEGMENTS IN THE MODULE
  ======================
<CODE> 1 (was CODE)
  Relative segment, address: 66BC - 6757 (0x9c bytes), align: 1
  Segment part 2.
           ENTRY                   ADDRESS         REF BY
           =====                   =======         ======
           acos                    66BC            main (main)
               calls direct
    -------------------------------------------------------------------------
<CODE> 1 (was CODE)
  Relative segment, address: 6FA4 - 6FAF (0xc bytes), align: 1
  Segment part 3.             Intra module refs:   acos
    -------------------------------------------------------------------------
<CODE> 1 (was CODE)
  Relative segment, address: 6FB0 - 6FBB (0xc bytes), align: 1
  Segment part 4.             Intra module refs:   acos

    -------------------------------------------------------------------------
  LIBRARY MODULE, NAME : ?_exit

  SEGMENTS IN THE MODULE
  ======================
<CODE> 1 (was CODE)
  Relative segment, address: 7008, align: 1
  Segment part 0.
           ENTRY                   ADDRESS         REF BY
           =====                   =======         ======
           _exit                   7008            exit (?exit)
    -------------------------------------------------------------------------
<CODE> 1 (was CODE)
  Relative segment, address: 7008 - 700B (0x4 bytes), align: 1
  Segment part 6.             Intra module refs:   _exit

    -------------------------------------------------------------------------
  LIBRARY MODULE, NAME : ?cos

  SEGMENTS IN THE MODULE
  ======================
<CODE> 1 (was CODE)
  Relative segment, address: 7002 - 7007 (0x6 bytes), align: 1
  Segment part 2.
           ENTRY                   ADDRESS         REF BY
           =====                   =======         ======
           cos                     7002            main (main)
               calls direct

    -------------------------------------------------------------------------
  LIBRARY MODULE, NAME : ?cstart

  SEGMENTS IN THE MODULE
  ======================
CSTACK
  Relative segment, address: 4360, align: 1
  Segment part 1.
    -------------------------------------------------------------------------
DATA16_Z
  Relative segment, address: 2412, align: 1
  Segment part 2.
    -------------------------------------------------------------------------
DATA16_I
  Relative segment, address: 2408, align: 1
  Segment part 3.
    -------------------------------------------------------------------------
DATA16_ID
  Relative segment, address: 4C4C, align: 1
  Segment part 4.
    -------------------------------------------------------------------------
CODE_I
  Relative segment, address: 2418, align: 1
  Segment part 5.
    -------------------------------------------------------------------------
CODE_ID
  Relative segment, address: 7016, align: 1
  Segment part 6.
    -------------------------------------------------------------------------
DATA20_Z
  Relative segment, address: 2418, align: 1
  Segment part 7.
    -------------------------------------------------------------------------
DATA20_I
  Relative segment, address: 2418, align: 1
  Segment part 8.
    -------------------------------------------------------------------------
DATA20_ID
  Relative segment, address: 7016, align: 1
  Segment part 9.
    -------------------------------------------------------------------------
DATA20_C
  Relative segment, address: 7016, align: 1
  Segment part 10.
    -------------------------------------------------------------------------
DATA20_N
  Relative segment, address: 2418, align: 1
  Segment part 12.
    -------------------------------------------------------------------------
CSTART
  Relative segment, address: 4C4C - 4C4F (0x4 bytes), align: 1
  Segment part 15.
           ENTRY                   ADDRESS         REF BY
           =====                   =======         ======
           __program_start         4C4C            ?reset_vector (?reset_vector)
                                                   Absolute parts (?ABS_ENTRY_MOD)
           ?cstart_begin           4C4C 
    -------------------------------------------------------------------------
CSTART
  Relative segment, address: 4C50 - 4C5B (0xc bytes), align: 1
  Segment part 19.
           ENTRY                   ADDRESS         REF BY
           =====                   =======         ======
           ?cstart_init_zero       4C50            __iar_Errno (?errno)
                                                   angle (main)
                                                   datax (main)
                                                   datay (main)
                                                   flag (main)
                                                   x (main)
                                                   y (main)
    -------------------------------------------------------------------------
CSTART
  Relative segment, address: 4C5C - 4C6B (0x10 bytes), align: 1
  Segment part 20.
           ENTRY                   ADDRESS         REF BY
           =====                   =======         ======
           ?cstart_init_copy       4C5C            zerox (main)
                                                   zeroy (main)
    -------------------------------------------------------------------------
CSTART
  Relative segment, address: 4C6C - 4C73 (0x8 bytes), align: 1
  Segment part 26.            Intra module refs:   Segment part 15
           ENTRY                   ADDRESS         REF BY
           =====                   =======         ======
           ?cstart_call_main       4C6C 
           ?cstart_end             4C74 
    -------------------------------------------------------------------------
CODE_ID
  Relative segment, address: 7016, align: 1
  Segment part 27.            Intra module refs:   Segment part 5

    -------------------------------------------------------------------------
  LIBRARY MODULE, NAME : ?reset_vector

  SEGMENTS IN THE MODULE
  ======================
RESET
  Relative segment, address: FFFE - FFFF (0x2 bytes), align: 1
  Segment part 0.
           ENTRY                   ADDRESS         REF BY
           =====                   =======         ======
           ?reset_vector           FFFE            Segment part 15 (?cstart)

    -------------------------------------------------------------------------
  LIBRARY MODULE, NAME : ?errno

  SEGMENTS IN THE MODULE
  ======================
DATA16_Z
  Relative segment, address: 2412 - 2413 (0x2 bytes), align: 1
  Segment part 2.
           ENTRY                   ADDRESS         REF BY
           =====                   =======         ======
           __iar_Errno             2412            __iar_Sin (?xsin)
                                                   acos (?acos)
                                                   fmod (?fmod)
                                                   sqrt (?sqrt)

    -------------------------------------------------------------------------
  LIBRARY MODULE, NAME : ?exit

  SEGMENTS IN THE MODULE
  ======================
<CODE> 1 (was CODE)
  Relative segment, address: 7010 - 7013 (0x4 bytes), align: 1
  Segment part 2.
           ENTRY                   ADDRESS         REF BY
           =====                   =======         ======
           exit                    7010            Segment part 26 (?cstart)
               calls direct

    -------------------------------------------------------------------------
  LIBRARY MODULE, NAME : ?Mul32fHw32

  SEGMENTS IN THE MODULE
  ======================
<CODE> 1 (was CODE)
  Relative segment, address: 5F42 - 6057 (0x116 bytes), align: 1
  Segment part 0.
           ENTRY                   ADDRESS         REF BY
           =====                   =======         ======
           ?Mul32fHw32             5F42            Segment part 3 (?xsin)
                                                   Segment part 5 (?xquad)
                                                   __iar_Atan (?xatan)
                                                   __iar_Quad (?xquad)
                                                   __iar_Sin (?xsin)
                                                   acos (?acos)
                                                   main (main)
                                                   sqrt (?sqrt)

    -------------------------------------------------------------------------
  LIBRARY MODULE, NAME : ?fmod

  SEGMENTS IN THE MODULE
  ======================
<CODE> 1 (was CODE)
  Relative segment, address: 627A - 6383 (0x10a bytes), align: 1
  Segment part 2.
           ENTRY                   ADDRESS         REF BY
           =====                   =======         ======
           fmod                    627A            __iar_Quad (?xquad)
               calls direct

    -------------------------------------------------------------------------
  LIBRARY MODULE, NAME : ?Cast32f32i

  SEGMENTS IN THE MODULE
  ======================
<CODE> 1 (was CODE)
  Relative segment, address: 6758 - 676B (0x14 bytes), align: 1
  Segment part 0.
           ENTRY                   ADDRESS         REF BY
           =====                   =======         ======
           _Cast32sto32f           6758            main (main)
    -------------------------------------------------------------------------
<CODE> 1 (was CODE)
  Relative segment, address: 676C - 67E9 (0x7e bytes), align: 1
  Segment part 1.             Intra module refs:   _Cast32sto32f
           ENTRY                   ADDRESS         REF BY
           =====                   =======         ======
           _Cast32uto32f           676C 

    -------------------------------------------------------------------------
  LIBRARY MODULE, NAME : _Cast32fto32s

  SEGMENTS IN THE MODULE
  ======================
<CODE> 1 (was CODE)
  Relative segment, address: 6D4E - 6D7F (0x32 bytes), align: 1
  Segment part 0.
           ENTRY                   ADDRESS         REF BY
           =====                   =======         ======
           _Cast32fto32s           6D4E            __iar_Quad (?xquad)

    -------------------------------------------------------------------------
  LIBRARY MODULE, NAME : ?FLT_Extract

  SEGMENTS IN THE MODULE
  ======================
<CODE> 1 (was CODE)
  Relative segment, address: 6A0C - 6A57 (0x4c bytes), align: 1
  Segment part 0.
           ENTRY                   ADDRESS         REF BY
           =====                   =======         ======
           ?FLT_Extract            6A0C            _Cast32fto32s (_Cast32fto32s)

    -------------------------------------------------------------------------
  LIBRARY MODULE, NAME : ?FLT_EQ

  SEGMENTS IN THE MODULE
  ======================
<CODE> 1 (was CODE)
  Relative segment, address: 6DB0 - 6DDF (0x30 bytes), align: 1
  Segment part 0.
           ENTRY                   ADDRESS         REF BY
           =====                   =======         ======
           ?FLT_EQ                 6DB0            __iar_Quad (?xquad)

    -------------------------------------------------------------------------
  LIBRARY MODULE, NAME : ?FLT_GE

  SEGMENTS IN THE MODULE
  ======================
<CODE> 1 (was CODE)
  Relative segment, address: 6964 - 69B9 (0x56 bytes), align: 1
  Segment part 0.
           ENTRY                   ADDRESS         REF BY
           =====                   =======         ======
           ?FLT_GE                 6964            __iar_Atan (?xatan)
                                                   __iar_Quad (?xquad)
                                                   __iar_Sin (?xsin)
                                                   fmod (?fmod)
                                                   main (main)

    -------------------------------------------------------------------------
  LIBRARY MODULE, NAME : ?FLT_LT

  SEGMENTS IN THE MODULE
  ======================
<CODE> 1 (was CODE)
  Relative segment, address: 69BA - 6A0B (0x52 bytes), align: 1
  Segment part 0.
           ENTRY                   ADDRESS         REF BY
           =====                   =======         ======
           ?FLT_LT                 69BA            __iar_Atan (?xatan)
                                                   __iar_Quad (?xquad)
                                                   __iar_Sin (?xsin)
                                                   acos (?acos)
                                                   fmod (?fmod)
                                                   main (main)

    -------------------------------------------------------------------------
  LIBRARY MODULE, NAME : _Div32f

  SEGMENTS IN THE MODULE
  ======================
<CODE> 1 (was CODE)
  Relative segment, address: 5CFA - 5E29 (0x130 bytes), align: 1
  Segment part 0.
           ENTRY                   ADDRESS         REF BY
           =====                   =======         ======
           _Div32f                 5CFA            Segment part 5 (?sqrt)
                                                   __iar_Atan (?xatan)
                                                   acos (?acos)
                                                   main (main)

    -------------------------------------------------------------------------
  LIBRARY MODULE, NAME : _Add32f

  SEGMENTS IN THE MODULE
  ======================
<CODE> 1 (was CODE)
  Relative segment, address: 5B96 - 5B99 (0x4 bytes), align: 1
  Segment part 0.
           ENTRY                   ADDRESS         REF BY
           =====                   =======         ======
           _Sub32f                 5B96            Segment part 4 (?acos)
                                                   Segment part 5 (?xquad)
                                                   fmod (?fmod)
                                                   main (main)
    -------------------------------------------------------------------------
<CODE> 1 (was CODE)
  Relative segment, address: 5B9A - 5CF9 (0x160 bytes), align: 1
  Segment part 1.             Intra module refs:   _Sub32f
           ENTRY                   ADDRESS         REF BY
           =====                   =======         ======
           _Add32f                 5B9A            Segment part 3 (?acos)
                                                   Segment part 3 (?xsin)
                                                   Segment part 4 (?sqrt)
                                                   __iar_Atan (?xatan)
                                                   __iar_Quad (?xquad)
                                                   __iar_Sin (?xsin)
                                                   main (main)
                                                   sqrt (?sqrt)

    -------------------------------------------------------------------------
  LIBRARY MODULE, NAME : ?DivMod816u

  SEGMENTS IN THE MODULE
  ======================
<CODE> 1 (was CODE)
  Relative segment, address: 6EB4 - 6EB7 (0x4 bytes), align: 1
  Segment part 0.
           ENTRY                   ADDRESS         REF BY
           =====                   =======         ======
           ?DivMod8u               6EB4            OLED_ShowNum (oled)
    -------------------------------------------------------------------------
<CODE> 1 (was CODE)
  Relative segment, address: 6EB8 - 6ECF (0x18 bytes), align: 1
  Segment part 1.             Intra module refs:   ?DivMod8u
           ENTRY                   ADDRESS         REF BY
           =====                   =======         ======
           ?DivMod16u              6EB8            ?DivMod16s (?DivMod816s)
                                                   OLED_ShowNum (oled)

    -------------------------------------------------------------------------
  LIBRARY MODULE, NAME : ?DivMod816s

  SEGMENTS IN THE MODULE
  ======================
<CODE> 1 (was CODE)
  Relative segment, address: 6D80 - 6DAF (0x30 bytes), align: 1
  Segment part 1.
           ENTRY                   ADDRESS         REF BY
           =====                   =======         ======
           ?DivMod16s              6D80            cycle1_min_f (control)
                                                   cycle1_min_s (control)
                                                   cycle2_min_f (control)
                                                   cycle2_min_s (control)
                                                   down (control)
                                                   left (control)
                                                   right (control)
                                                   sqrt (?sqrt)
                                                   up (control)

    -------------------------------------------------------------------------
  LIBRARY MODULE, NAME : ?memcpy

  SEGMENTS IN THE MODULE
  ======================
<CODE> 1 (was CODE)
  Relative segment, address: 6F26 - 6F37 (0x12 bytes), align: 1
  Segment part 2.
           ENTRY                   ADDRESS         REF BY
           =====                   =======         ======
           memcpy                  6F26            __data16_memcpy (?memzero)

    -------------------------------------------------------------------------
  LIBRARY MODULE, NAME : ?memzero

  SEGMENTS IN THE MODULE
  ======================
<CODE> 1 (was CODE)
  Relative segment, address: 6F5C - 6F6B (0x10 bytes), align: 1
  Segment part 2.
           ENTRY                   ADDRESS         REF BY
           =====                   =======         ======
           __data16_memzero        6F5C            ?cstart_init_zero (?cstart)
    -------------------------------------------------------------------------
<CODE> 1 (was CODE)
  Relative segment, address: 700C - 700F (0x4 bytes), align: 1
  Segment part 3.
           ENTRY                   ADDRESS         REF BY
           =====                   =======         ======
           __data16_memcpy         700C            ?cstart_init_copy (?cstart)
               calls direct

    -------------------------------------------------------------------------
  LIBRARY MODULE, NAME : ?sin

  SEGMENTS IN THE MODULE
  ======================
<CODE> 1 (was CODE)
  Relative segment, address: 6FFC - 7001 (0x6 bytes), align: 1
  Segment part 2.
           ENTRY                   ADDRESS         REF BY
           =====                   =======         ======
           sin                     6FFC            main (main)
               calls direct

    -------------------------------------------------------------------------
  LIBRARY MODULE, NAME : ?sqrt

  SEGMENTS IN THE MODULE
  ======================
<CODE> 1 (was CODE)
  Relative segment, address: 6384 - 6471 (0xee bytes), align: 1
  Segment part 2.
           ENTRY                   ADDRESS         REF BY
           =====                   =======         ======
           sqrt                    6384            acos (?acos)
                                                   main (main)
               calls direct
    -------------------------------------------------------------------------
<CODE> 1 (was CODE)
  Relative segment, address: 6FD4 - 6FDD (0xa bytes), align: 1
  Segment part 3.             Intra module refs:   sqrt
    -------------------------------------------------------------------------
<CODE> 1 (was CODE)
  Relative segment, address: 6F88 - 6F95 (0xe bytes), align: 1
  Segment part 4.             Intra module refs:   sqrt
    -------------------------------------------------------------------------
<CODE> 1 (was CODE)
  Relative segment, address: 6EFE - 6F11 (0x14 bytes), align: 1
  Segment part 5.             Intra module refs:   sqrt

    -------------------------------------------------------------------------
  LIBRARY MODULE, NAME : ?xatan

  SEGMENTS IN THE MODULE
  ======================
DATA16_C
  Relative segment, address: 4400 - 441F (0x20 bytes), align: 1
  Segment part 2.             Intra module refs:   __iar_Atan
    -------------------------------------------------------------------------
<CODE> 1 (was CODE)
  Relative segment, address: 6058 - 6169 (0x112 bytes), align: 1
  Segment part 3.
           ENTRY                   ADDRESS         REF BY
           =====                   =======         ======
           __iar_Atan              6058            acos (?acos)
               calls direct

    -------------------------------------------------------------------------
  LIBRARY MODULE, NAME : ?xdint

  SEGMENTS IN THE MODULE
  ======================
<CODE> 1 (was CODE)
  Relative segment, address: 6878 - 68FD (0x86 bytes), align: 1
  Segment part 2.
           ENTRY                   ADDRESS         REF BY
           =====                   =======         ======
           __iar_Dint              6878            __iar_Quad (?xquad)

    -------------------------------------------------------------------------
  LIBRARY MODULE, NAME : ?xdscale

  SEGMENTS IN THE MODULE
  ======================
<CODE> 1 (was CODE)
  Relative segment, address: 67EA - 6877 (0x8e bytes), align: 1
  Segment part 2.
           ENTRY                   ADDRESS         REF BY
           =====                   =======         ======
           __iar_Dscale            67EA            fmod (?fmod)
                                                   sqrt (?sqrt)

    -------------------------------------------------------------------------
  LIBRARY MODULE, NAME : ?xdtest

  SEGMENTS IN THE MODULE
  ======================
<CODE> 1 (was CODE)
  Relative segment, address: 6E90 - 6EB3 (0x24 bytes), align: 1
  Segment part 2.
           ENTRY                   ADDRESS         REF BY
           =====                   =======         ======
           __iar_Dtest             6E90            fmod (?fmod)

    -------------------------------------------------------------------------
  LIBRARY MODULE, NAME : ?xdunscal

  SEGMENTS IN THE MODULE
  ======================
<CODE> 1 (was CODE)
  Relative segment, address: 6B70 - 6BB5 (0x46 bytes), align: 1
  Segment part 2.
           ENTRY                   ADDRESS         REF BY
           =====                   =======         ======
           __iar_Dunscale          6B70            fmod (?fmod)
                                                   sqrt (?sqrt)

    -------------------------------------------------------------------------
  LIBRARY MODULE, NAME : ?xquad

  SEGMENTS IN THE MODULE
  ======================
<CODE> 1 (was CODE)
  Relative segment, address: 6472 - 6553 (0xe2 bytes), align: 1
  Segment part 2.
           ENTRY                   ADDRESS         REF BY
           =====                   =======         ======
           __iar_Quad              6472            __iar_Sin (?xsin)
               calls direct
    -------------------------------------------------------------------------
<CODE> 1 (was CODE)
  Relative segment, address: 6FF2 - 6FFB (0xa bytes), align: 1
  Segment part 3.             Intra module refs:   __iar_Quad
    -------------------------------------------------------------------------
<CODE> 1 (was CODE)
  Relative segment, address: 6FE8 - 6FF1 (0xa bytes), align: 1
  Segment part 4.             Intra module refs:   __iar_Quad
    -------------------------------------------------------------------------
<CODE> 1 (was CODE)
  Relative segment, address: 6EE8 - 6EFD (0x16 bytes), align: 1
  Segment part 5.             Intra module refs:   Segment part 4
                                                   __iar_Quad

    -------------------------------------------------------------------------
  LIBRARY MODULE, NAME : ?xsin

  SEGMENTS IN THE MODULE
  ======================
<CODE> 1 (was CODE)
  Relative segment, address: 616A - 6279 (0x110 bytes), align: 1
  Segment part 2.
           ENTRY                   ADDRESS         REF BY
           =====                   =======         ======
           __iar_Sin               616A            cos (?cos)
                                                   sin (?sin)
               calls direct
    -------------------------------------------------------------------------
<CODE> 1 (was CODE)
  Relative segment, address: 6FBC - 6FC7 (0xc bytes), align: 1
  Segment part 3.             Intra module refs:   __iar_Sin




                ****************************************
                *                                      *
                *      SEGMENTS IN ADDRESS ORDER       *
                *                                      *
                ****************************************


SEGMENT              SPACE    START ADDRESS   END ADDRESS     SIZE  TYPE  ALIGN
=======              =====    =============   ===========     ====  ====  =====
DATA16_AN                              015C - 015D               2   rel    0
                                       0202 - 0205               4 
                                       0220 - 0227               8 
                                       022A - 022B               2 
                                       0240 - 0247               8 
                                       024A - 024B               2 
                                       0260 - 0267               8 
                                       026A - 026B               2 
DATA16_I                               2400 - 2407               8   rel    1
DATA16_Z                               2408 - 2417              10   rel    1
CODE_I                                    2418                       rel    1
DATA20_Z                                  2418                       rel    1
DATA20_N                                  2418                       rel    1
DATA20_I                                  2418                       rel    1
CSTACK                                 4360 - 43FF              A0   rel    1
DATA16_C                               4400 - 4C43             844   rel    1
DATA16_ID                              4C44 - 4C4B               8   rel    1
CSTART                                 4C4C - 4C73              28   rel    1
<CODE> 1                               4C74 - 7015            23A2   rel    1
DATA20_ID                                 7016                       rel    1
DATA20_C                                  7016                       rel    1
CODE_ID                                   7016                       rel    1
RESET                                  FFFE - FFFF               2   rel    1

                ****************************************
                *                                      *
                *        END OF CROSS REFERENCE        *
                *                                      *
                ****************************************

 9 164 bytes of CODE  memory
   184 bytes of DATA  memory (+ 36 absolute )
 2 124 bytes of CONST memory

Errors: none
Warnings: none

