################################################################################
#                                                                              #
#      IAR Universal Linker V6.4.6.89                                          #
#                                                                              #
#           Link time     =  09/Jul/2022  20:41:09                             #
#           Target CPU    =  MSP430                                            #
#           List file     =  D:\diansai\ºìÂÌµÆ\Debug\List\1.map                #
#           Output file 1 =  D:\diansai\ºìÂÌµÆ\Debug\Exe\1.d43                 #
#                            Format: ubrof10                                   #
#                            UBROF version 10.0.6                              #
#                            Using library modules for C-SPY (-rt)             #
#           Command line  =  -f C:\Users\19682\AppData\Local\Temp\EWB2DA.tmp   #
#                            (D:\diansai\ºìÂÌµÆ\Debug\Obj\FLASH.r43            #
#                            D:\diansai\ºìÂÌµÆ\Debug\Obj\main.r43              #
#                            D:\diansai\ºìÂÌµÆ\Debug\Obj\shumaguan.r43         #
#                            D:\diansai\ºìÂÌµÆ\Debug\Obj\shumaguan2.r43 -o     #
#                            D:\diansai\ºìÂÌµÆ\Debug\Exe\1.d43 -l              #
#                            D:\diansai\ºìÂÌµÆ\Debug\List\1.map -xms           #
#                            "-IC:\Program Files (x86)\IAR Systems\Embedded Wo #
#                            rkbench 8.0\430\LIB\"                             #
#                            -f                                                #
#                            "C:\Program Files (x86)\IAR Systems\Embedded Work #
#                            bench 8.0\430\config\linker\lnk430f5529.xcl"      #
#                            (-cmsp430 -D?CPU30_OFFSET=2 -QCODE_I=CODE_ID      #
#                            -QTLS16_I=TLS16_ID -D__iar_HWMUL=4C0              #
#                            -Z(CONST)INFO=1800-19FF                           #
#                            -Z(CONST)INFOA=1980-19FF                          #
#                            -Z(CONST)INFOB=1900-197F                          #
#                            -Z(CONST)INFOC=1880-18FF                          #
#                            -Z(CONST)INFOD=1800-187F                          #
#                            -Z(DATA)USBRAM=1C00-23FF                          #
#                            -Z(DATA)DATA16_I,DATA16_Z,DATA16_N,TLS16_I=2400-4 #
#                            3FF                                               #
#                            -Z(DATA)DATA16_HEAP+_DATA16_HEAP_SIZE             #
#                            -Z(DATA)CODE_I                                    #
#                            -Z(DATA)DATA20_I,DATA20_Z,DATA20_N,DATA20_HEAP+_D #
#                            ATA20_HEAP_SIZE                                   #
#                            -Z(DATA)CSTACK+_STACK_SIZE#                       #
#                            -Z(CONST)DATA16_C,DATA16_ID,TLS16_ID,DIFUNCT,CHEC #
#                            KSUM=4400-FF7F                                    #
#                            -Z(CODE)CSTART,ISR_CODE,CODE16=4400-FF7F          #
#                            -P(CODE)CODE=4400-FF7F,10000-243FF                #
#                            -Z(CONST)DATA20_C,DATA20_ID,CODE_ID=4400-FF7F,100 #
#                            40-243FF                                          #
#                            -Z(CODE)INTVEC=FF80-FFFF                          #
#                            -Z(CODE)RESET=FFFE-FFFF) -f                       #
#                            "C:\Program Files (x86)\IAR Systems\Embedded Work #
#                            bench 8.0\430\config\linker\multiplier32.xcl"     #
#                            (-e?Mul8Hw=?Mul8 -e?Mul16Hw=?Mul16                #
#                            -e?Mul16to32uHw=?Mul16to32u                       #
#                            -e?Mul16to32sHw=?Mul16to32s -e?Mul32Hw32=?Mul32   #
#                            -e?Mul64Hw32=_Mul64i                              #
#                            -e?Mul32u32uto64iHw32=_Mul32u32uto64i             #
#                            -e?Mul32fHw32=_Mul32f                             #
#                            -e_Mul64fHw32Ptr=_Mul64fPtr) -D_STACK_SIZE=A0     #
#                            -rt                                               #
#                            "C:\Program Files (x86)\IAR Systems\Embedded Work #
#                            bench 8.0\430\lib\dlib\dl430xlsfn.r43"            #
#                            -e_PrintfLarge=_Printf -e_ScanfLarge=_Scanf       #
#                            -D_DATA16_HEAP_SIZE=A0 -s __program_start         #
#                            -D_DATA20_HEAP_SIZE=50)                           #
#                                                                              #
#                           Copyright (C) 1987-2016 IAR Systems AB.            #
################################################################################





                ****************************************
                *                                      *
                *           CROSS REFERENCE            *
                *                                      *
                ****************************************

       Program entry at :           440C  Relocatable, from module : ?cstart




                ****************************************
                *                                      *
                *            RUNTIME MODEL             *
                *                                      *
                ****************************************

  __Heap_Handler             = Basic
  __SystemLibrary            = DLib
  __code_model               = large
  __core                     = 430X
  __data_model               = small
  __dlib_file_descriptor     = 0
  __dlib_full_locale_support = 0
  __double_size              = 32
  __pic                      = no
  __reg_r4                   = free
  __reg_r5                   = free
  __rt_version               = 3

                ****************************************
                *                                      *
                *    AUTOMATIC SYMBOL REDIRECTIONS     *
                *                                      *
                ****************************************

                  There are no automatic symbol redirections.



                ****************************************
                *                                      *
                *              MODULE MAP              *
                *                                      *
                ****************************************


  DEFINED ABSOLUTE ENTRIES
    *************************************************************************

  DEFINED ABSOLUTE ENTRIES
  PROGRAM MODULE, NAME : ?ABS_ENTRY_MOD

Absolute parts
           ENTRY                   ADDRESS         REF BY
           =====                   =======         ======
           _DATA20_HEAP_SIZE       0050 
           _DATA16_HEAP_SIZE       00A0 
           _STACK_SIZE             00A0 
           __iar_HWMUL             04C0            main (main)
           ?CPU30_OFFSET           0002 
    *************************************************************************

  FILE NAME : D:\diansai\ºìÂÌµÆ\Debug\Obj\FLASH.r43
  PROGRAM MODULE, NAME : FLASH

  SEGMENTS IN THE MODULE
  ======================
DATA16_AN
  Relative segment, address: 0140 - 0141 (0x2 bytes), align: 0
  Segment part 1. ROOT        Intra module refs:   write_flash_char
           ENTRY                   ADDRESS         REF BY
           =====                   =======         ======
           _A_FCTL1_L              0140 
           LOCAL                   ADDRESS         
           =====                   =======         
           FCTL1                   0140 
           FCTL1_H                 0141 
           FCTL1_L                 0140 
    -------------------------------------------------------------------------
DATA16_AN
  Relative segment, address: 0144 - 0145 (0x2 bytes), align: 0
  Segment part 2. ROOT        Intra module refs:   write_flash_char
           ENTRY                   ADDRESS         REF BY
           =====                   =======         ======
           _A_FCTL3_L              0144 
           LOCAL                   ADDRESS         
           =====                   =======         
           FCTL3                   0144 
           FCTL3_H                 0145 
           FCTL3_L                 0144 
    -------------------------------------------------------------------------
<CODE> 1 (was CODE)
  Relative segment, address: 4930 - 4977 (0x48 bytes), align: 1
  Segment part 4.
           ENTRY                   ADDRESS         REF BY
           =====                   =======         ======
           write_flash_char        4930            USCI_A0_ISR (main)
    -------------------------------------------------------------------------
<CODE> 1 (was CODE)
  Relative segment, address: 4CD4 - 4CED (0x1a bytes), align: 1
  Segment part 7.
           ENTRY                   ADDRESS         REF BY
           =====                   =======         ======
           read_flash_char1        4CD4            shijian_init (main)

    *************************************************************************

  FILE NAME : D:\diansai\ºìÂÌµÆ\Debug\Obj\main.r43
  PROGRAM MODULE, NAME : main

  SEGMENTS IN THE MODULE
  ======================
DATA16_AN
  Relative segment, address: 0200 - 0201 (0x2 bytes), align: 0
  Segment part 1. ROOT        Intra module refs:   P1_ISR
           ENTRY                   ADDRESS         REF BY
           =====                   =======         ======
           _A_PAIN_L               0200 
           LOCAL                   ADDRESS         
           =====                   =======         
           PAIN                    0200 
           PAIN_H                  0201 
           PAIN_L                  0200 
    -------------------------------------------------------------------------
DATA16_AN
  Relative segment, address: 0202 - 0203 (0x2 bytes), align: 0
  Segment part 2. ROOT        Intra module refs:   eight (shumaguan)
                                                   eight2 (shumaguan2)
                                                   five (shumaguan)
                                                   five2 (shumaguan2)
                                                   four (shumaguan)
                                                   four2 (shumaguan2)
                                                   main
                                                   mie (shumaguan)
                                                   mie2 (shumaguan2)
                                                   nine (shumaguan)
                                                   nine2 (shumaguan2)
                                                   one (shumaguan)
                                                   one2 (shumaguan2)
                                                   seven (shumaguan)
                                                   seven2 (shumaguan2)
                                                   shumaguan_init (shumaguan)
                                                   shumaguan_init2 (shumaguan2)
                                                   six (shumaguan)
                                                   six2 (shumaguan2)
                                                   three (shumaguan)
                                                   three2 (shumaguan2)
                                                   two (shumaguan)
                                                   two2 (shumaguan2)
                                                   zero (shumaguan)
                                                   zero2 (shumaguan2)
           ENTRY                   ADDRESS         REF BY
           =====                   =======         ======
           _A_PAOUT_L              0202 
           LOCAL                   ADDRESS         
           =====                   =======         
           PAOUT                   0202 
           PAOUT_H                 0203 
           PAOUT_L                 0202 
    -------------------------------------------------------------------------
DATA16_AN
  Relative segment, address: 0204 - 0205 (0x2 bytes), align: 0
  Segment part 3. ROOT        Intra module refs:   main
                                                   shumaguan_init (shumaguan)
                                                   shumaguan_init2 (shumaguan2)
           ENTRY                   ADDRESS         REF BY
           =====                   =======         ======
           _A_PADIR_L              0204 
           LOCAL                   ADDRESS         
           =====                   =======         
           PADIR                   0204 
           PADIR_H                 0205 
           PADIR_L                 0204 
    -------------------------------------------------------------------------
DATA16_AN
  Relative segment, address: 0206 - 0207 (0x2 bytes), align: 0
  Segment part 4. ROOT        Intra module refs:   main
           ENTRY                   ADDRESS         REF BY
           =====                   =======         ======
           _A_PAREN_L              0206 
           LOCAL                   ADDRESS         
           =====                   =======         
           PAREN                   0206 
           PAREN_H                 0207 
           PAREN_L                 0206 
    -------------------------------------------------------------------------
DATA16_AN
  Relative segment, address: 020A - 020B (0x2 bytes), align: 0
  Segment part 5. ROOT        Intra module refs:   main
           ENTRY                   ADDRESS         REF BY
           =====                   =======         ======
           _A_PASEL_L              020A 
           LOCAL                   ADDRESS         
           =====                   =======         
           PASEL                   020A 
           PASEL_H                 020B 
           PASEL_L                 020A 
    -------------------------------------------------------------------------
DATA16_AN
  Relative segment, address: 0218 - 0219 (0x2 bytes), align: 0
  Segment part 6. ROOT        Intra module refs:   main
           ENTRY                   ADDRESS         REF BY
           =====                   =======         ======
           _A_PAIES_L              0218 
           LOCAL                   ADDRESS         
           =====                   =======         
           PAIES                   0218 
           PAIES_H                 0219 
           PAIES_L                 0218 
    -------------------------------------------------------------------------
DATA16_AN
  Relative segment, address: 021A - 021B (0x2 bytes), align: 0
  Segment part 7. ROOT        Intra module refs:   main
           ENTRY                   ADDRESS         REF BY
           =====                   =======         ======
           _A_PAIE_L               021A 
           LOCAL                   ADDRESS         
           =====                   =======         
           PAIE                    021A 
           PAIE_H                  021B 
           PAIE_L                  021A 
    -------------------------------------------------------------------------
DATA16_AN
  Relative segment, address: 021C - 021D (0x2 bytes), align: 0
  Segment part 8. ROOT        Intra module refs:   P1_ISR
                                                   main
           ENTRY                   ADDRESS         REF BY
           =====                   =======         ======
           _A_PAIFG_L              021C 
           LOCAL                   ADDRESS         
           =====                   =======         
           PAIFG                   021C 
           PAIFG_H                 021D 
           PAIFG_L                 021C 
    -------------------------------------------------------------------------
DATA16_AN
  Relative segment, address: 0222 - 0223 (0x2 bytes), align: 0
  Segment part 9. ROOT        Intra module refs:   eight (shumaguan)
                                                   eight2 (shumaguan2)
                                                   five (shumaguan)
                                                   five2 (shumaguan2)
                                                   four2 (shumaguan2)
                                                   main
                                                   mie (shumaguan)
                                                   mie2 (shumaguan2)
                                                   nine2 (shumaguan2)
                                                   seven2 (shumaguan2)
                                                   shumaguan_init (shumaguan)
                                                   shumaguan_init2 (shumaguan2)
                                                   six (shumaguan)
                                                   six2 (shumaguan2)
                                                   three (shumaguan)
                                                   three2 (shumaguan2)
                                                   two (shumaguan)
                                                   two2 (shumaguan2)
                                                   zero (shumaguan)
                                                   zero2 (shumaguan2)
           ENTRY                   ADDRESS         REF BY
           =====                   =======         ======
           _A_PBOUT_L              0222 
           LOCAL                   ADDRESS         
           =====                   =======         
           PBOUT                   0222 
           PBOUT_H                 0223 
           PBOUT_L                 0222 
    -------------------------------------------------------------------------
DATA16_AN
  Relative segment, address: 0224 - 0225 (0x2 bytes), align: 0
  Segment part 10. ROOT       Intra module refs:   main
                                                   shumaguan_init (shumaguan)
                                                   shumaguan_init2 (shumaguan2)
           ENTRY                   ADDRESS         REF BY
           =====                   =======         ======
           _A_PBDIR_L              0224 
           LOCAL                   ADDRESS         
           =====                   =======         
           PBDIR                   0224 
           PBDIR_H                 0225 
           PBDIR_L                 0224 
    -------------------------------------------------------------------------
DATA16_AN
  Relative segment, address: 022A - 022B (0x2 bytes), align: 0
  Segment part 11. ROOT       Intra module refs:   main
           ENTRY                   ADDRESS         REF BY
           =====                   =======         ======
           _A_PBSEL_L              022A 
           LOCAL                   ADDRESS         
           =====                   =======         
           PBSEL                   022A 
           PBSEL_H                 022B 
           PBSEL_L                 022A 
    -------------------------------------------------------------------------
DATA16_AN
  Relative segment, address: 0242 - 0243 (0x2 bytes), align: 0
  Segment part 12. ROOT       Intra module refs:   eight2 (shumaguan2)
                                                   five2 (shumaguan2)
                                                   main
                                                   mie2 (shumaguan2)
                                                   shumaguan_init2 (shumaguan2)
                                                   six2 (shumaguan2)
                                                   three2 (shumaguan2)
                                                   triggerMeasurement
                                                   two2 (shumaguan2)
                                                   zero2 (shumaguan2)
           ENTRY                   ADDRESS         REF BY
           =====                   =======         ======
           _A_PCOUT_L              0242 
           LOCAL                   ADDRESS         
           =====                   =======         
           PCOUT                   0242 
           PCOUT_H                 0243 
           PCOUT_L                 0242 
    -------------------------------------------------------------------------
DATA16_AN
  Relative segment, address: 0244 - 0245 (0x2 bytes), align: 0
  Segment part 13. ROOT       Intra module refs:   main
                                                   shumaguan_init2 (shumaguan2)
           ENTRY                   ADDRESS         REF BY
           =====                   =======         ======
           _A_PCDIR_L              0244 
           LOCAL                   ADDRESS         
           =====                   =======         
           PCDIR                   0244 
           PCDIR_H                 0245 
           PCDIR_L                 0244 
    -------------------------------------------------------------------------
DATA16_AN
  Relative segment, address: 0262 - 0263 (0x2 bytes), align: 0
  Segment part 14. ROOT       Intra module refs:   eight (shumaguan)
                                                   five (shumaguan)
                                                   four (shumaguan)
                                                   main
                                                   mie (shumaguan)
                                                   nine (shumaguan)
                                                   one (shumaguan)
                                                   seven (shumaguan)
                                                   shumaguan_init (shumaguan)
                                                   shumaguan_init2 (shumaguan2)
                                                   six (shumaguan)
                                                   three (shumaguan)
                                                   two (shumaguan)
                                                   zero (shumaguan)
           ENTRY                   ADDRESS         REF BY
           =====                   =======         ======
           _A_PDOUT_L              0262 
           LOCAL                   ADDRESS         
           =====                   =======         
           PDOUT                   0262 
           PDOUT_H                 0263 
           PDOUT_L                 0262 
    -------------------------------------------------------------------------
DATA16_AN
  Relative segment, address: 0264 - 0265 (0x2 bytes), align: 0
  Segment part 15. ROOT       Intra module refs:   main
                                                   shumaguan_init (shumaguan)
                                                   shumaguan_init2 (shumaguan2)
           ENTRY                   ADDRESS         REF BY
           =====                   =======         ======
           _A_PDDIR_L              0264 
           LOCAL                   ADDRESS         
           =====                   =======         
           PDDIR                   0264 
           PDDIR_H                 0265 
           PDDIR_L                 0264 
    -------------------------------------------------------------------------
DATA16_AN
  Relative segment, address: 0340 - 0341 (0x2 bytes), align: 0
  Segment part 16. ROOT       Intra module refs:   main
           ENTRY                   ADDRESS         REF BY
           =====                   =======         ======
           TA0CTL                  0340 
    -------------------------------------------------------------------------
DATA16_AN
  Relative segment, address: 0342 - 0343 (0x2 bytes), align: 0
  Segment part 17. ROOT       Intra module refs:   main
           ENTRY                   ADDRESS         REF BY
           =====                   =======         ======
           TA0CCTL0                0342 
    -------------------------------------------------------------------------
DATA16_AN
  Relative segment, address: 0346 - 0347 (0x2 bytes), align: 0
  Segment part 18. ROOT       Intra module refs:   main
           ENTRY                   ADDRESS         REF BY
           =====                   =======         ======
           TA0CCTL2                0346 
    -------------------------------------------------------------------------
DATA16_AN
  Relative segment, address: 0352 - 0353 (0x2 bytes), align: 0
  Segment part 19. ROOT       Intra module refs:   TIMER0_A0_ISR
                                                   main
           ENTRY                   ADDRESS         REF BY
           =====                   =======         ======
           TA0CCR0                 0352 
    -------------------------------------------------------------------------
DATA16_AN
  Relative segment, address: 0356 - 0357 (0x2 bytes), align: 0
  Segment part 20. ROOT       Intra module refs:   main
           ENTRY                   ADDRESS         REF BY
           =====                   =======         ======
           TA0CCR2                 0356 
    -------------------------------------------------------------------------
DATA16_AN
  Relative segment, address: 036E - 036F (0x2 bytes), align: 0
  Segment part 21. ROOT       Intra module refs:   TIMER0_A1_ISR
           ENTRY                   ADDRESS         REF BY
           =====                   =======         ======
           TA0IV                   036E 
    -------------------------------------------------------------------------
DATA16_AN
  Relative segment, address: 05C0 - 05C1 (0x2 bytes), align: 0
  Segment part 22. ROOT       Intra module refs:   main
           ENTRY                   ADDRESS         REF BY
           =====                   =======         ======
           _A_UCA0CTLW0_L          05C0 
           LOCAL                   ADDRESS         
           =====                   =======         
           UCA0CTLW0               05C0 
           UCA0CTLW0_H             05C1 
           UCA0CTLW0_L             05C0 
    -------------------------------------------------------------------------
DATA16_AN
  Relative segment, address: 05C6 - 05C7 (0x2 bytes), align: 0
  Segment part 23. ROOT       Intra module refs:   main
           ENTRY                   ADDRESS         REF BY
           =====                   =======         ======
           _A_UCA0BRW_L            05C6 
           LOCAL                   ADDRESS         
           =====                   =======         
           UCA0BRW                 05C6 
           UCA0BRW_H               05C7 
           UCA0BRW_L               05C6 
    -------------------------------------------------------------------------
DATA16_AN
  Relative segment, address: 05C8 - 05C8 (0x1 bytes), align: 0
  Segment part 24. ROOT       Intra module refs:   main
           ENTRY                   ADDRESS         REF BY
           =====                   =======         ======
           UCA0MCTL                05C8 
    -------------------------------------------------------------------------
DATA16_AN
  Relative segment, address: 05CC - 05CC (0x1 bytes), align: 0
  Segment part 25. ROOT       Intra module refs:   USCI_A0_ISR
           ENTRY                   ADDRESS         REF BY
           =====                   =======         ======
           UCA0RXBUF               05CC 
    -------------------------------------------------------------------------
DATA16_AN
  Relative segment, address: 05DC - 05DD (0x2 bytes), align: 0
  Segment part 26. ROOT       Intra module refs:   USCI_A0_ISR
                                                   main
           ENTRY                   ADDRESS         REF BY
           =====                   =======         ======
           _A_UCA0ICTL_L           05DC 
           LOCAL                   ADDRESS         
           =====                   =======         
           UCA0ICTL                05DC 
           UCA0ICTL_H              05DD 
           UCA0ICTL_L              05DC 
    -------------------------------------------------------------------------
DATA16_AN
  Relative segment, address: 015C - 015D (0x2 bytes), align: 0
  Segment part 27. ROOT       Intra module refs:   main
           ENTRY                   ADDRESS         REF BY
           =====                   =======         ======
           _A_WDTCTL_L             015C 
           LOCAL                   ADDRESS         
           =====                   =======         
           WDTCTL                  015C 
           WDTCTL_H                015D 
           WDTCTL_L                015C 
    -------------------------------------------------------------------------
DATA16_I
  Relative segment, address: 2400 - 2401 (0x2 bytes), align: 1
  Segment part 34.            Intra module refs:   USCI_A0_ISR
                                                   main
                                                   shijian_init
           ENTRY                   ADDRESS         REF BY
           =====                   =======         ======
           morenshijian            2400 
    -------------------------------------------------------------------------
DATA16_Z
  Relative segment, address: 240A - 240B (0x2 bytes), align: 1
  Segment part 36.            Intra module refs:   USCI_A0_ISR
                                                   main
           ENTRY                   ADDRESS         REF BY
           =====                   =======         ======
           shijian                 240A 
    -------------------------------------------------------------------------
DATA16_Z
  Relative segment, address: 240C - 240D (0x2 bytes), align: 1
  Segment part 40.            Intra module refs:   main
           ENTRY                   ADDRESS         REF BY
           =====                   =======         ======
           shuflag                 240C 
    -------------------------------------------------------------------------
DATA16_I
  Relative segment, address: 2402 - 2403 (0x2 bytes), align: 1
  Segment part 41.            Intra module refs:   main
           ENTRY                   ADDRESS         REF BY
           =====                   =======         ======
           cnt                     2402 
    -------------------------------------------------------------------------
DATA16_I
  Relative segment, address: 2404 - 2405 (0x2 bytes), align: 1
  Segment part 43.            Intra module refs:   main
           ENTRY                   ADDRESS         REF BY
           =====                   =======         ======
           flag                    2404 
    -------------------------------------------------------------------------
DATA16_Z
  Relative segment, address: 240E - 240F (0x2 bytes), align: 1
  Segment part 45.            Intra module refs:   USCI_A0_ISR
                                                   main
           ENTRY                   ADDRESS         REF BY
           =====                   =======         ======
           cflag                   240E 
    -------------------------------------------------------------------------
DATA16_I
  Relative segment, address: 2406 - 2407 (0x2 bytes), align: 1
  Segment part 46.            Intra module refs:   P1_ISR
                                                   main
           ENTRY                   ADDRESS         REF BY
           =====                   =======         ======
           anjianflag              2406 
    -------------------------------------------------------------------------
<CODE> 1 (was CODE)
  Relative segment, address: 4978 - 49A9 (0x32 bytes), align: 1
  Segment part 51.            Intra module refs:   USCI_A0_ISR
                                                   shijian_init
           ENTRY                   ADDRESS         REF BY
           =====                   =======         ======
           stoi                    4978 
    -------------------------------------------------------------------------
<CODE> 1 (was CODE)
  Relative segment, address: 4D76 - 4D83 (0xe bytes), align: 1
  Segment part 52.            Intra module refs:   main
           ENTRY                   ADDRESS         REF BY
           =====                   =======         ======
           triggerMeasurement      4D76 
    -------------------------------------------------------------------------
<CODE> 1 (was CODE)
  Relative segment, address: 4A5E - 4A85 (0x28 bytes), align: 1
  Segment part 53.            Intra module refs:   main
           ENTRY                   ADDRESS         REF BY
           =====                   =======         ======
           shijian_init            4A5E 
               calls direct
    -------------------------------------------------------------------------
<CODE> 1 (was CODE)
  Relative segment, address: 4522 - 487B (0x35a bytes), align: 1
  Segment part 54.
           ENTRY                   ADDRESS         REF BY
           =====                   =======         ======
           main                    4522            Segment part 26 (?cstart)
               calls direct
    -------------------------------------------------------------------------
DATA16_Z
  Relative segment, address: 2410 - 2414 (0x5 bytes), align: 0
  Segment part 48.            Intra module refs:   USCI_A0_ISR
           ENTRY                   ADDRESS         REF BY
           =====                   =======         ======
           data                    2410 
    -------------------------------------------------------------------------
ISR_CODE
  Relative segment, address: 4434 - 44DD (0xaa bytes), align: 1
  Segment part 55.            Intra module refs:   USCI_A0_ISR::??INTVEC 112
           ENTRY                   ADDRESS         REF BY
           =====                   =======         ======
           USCI_A0_ISR             4434 
               interrupt function
               calls direct
    -------------------------------------------------------------------------
ISR_CODE
  Relative segment, address: 44DE - 44EB (0xe bytes), align: 1
  Segment part 56.            Intra module refs:   TIMER0_A0_ISR::??INTVEC 106
           ENTRY                   ADDRESS         REF BY
           =====                   =======         ======
           TIMER0_A0_ISR           44DE 
               interrupt function
    -------------------------------------------------------------------------
ISR_CODE
  Relative segment, address: 44EC - 44F7 (0xc bytes), align: 1
  Segment part 57.            Intra module refs:   TIMER0_A1_ISR::??INTVEC 104
           ENTRY                   ADDRESS         REF BY
           =====                   =======         ======
           TIMER0_A1_ISR           44EC 
               interrupt function
    -------------------------------------------------------------------------
DATA16_I
  Relative segment, address: 2408 - 2409 (0x2 bytes), align: 1
  Segment part 49.            Intra module refs:   P1_ISR
           ENTRY                   ADDRESS         REF BY
           =====                   =======         ======
           anjiancnt               2408 
    -------------------------------------------------------------------------
ISR_CODE
  Relative segment, address: 44F8 - 4521 (0x2a bytes), align: 1
  Segment part 58.            Intra module refs:   P1_ISR::??INTVEC 94
           ENTRY                   ADDRESS         REF BY
           =====                   =======         ======
           P1_ISR                  44F8 
               interrupt function
    -------------------------------------------------------------------------
INTVEC
  Common segment, address: FF80 - FFDF (0x60 bytes), align: 1
  Segment part 28. ROOT 
           ENTRY                   ADDRESS         REF BY
           =====                   =======         ======
           P1_ISR::??INTVEC 94     FFDE 
    -------------------------------------------------------------------------
INTVEC
  Common segment, address: FF80 - FFE9 (0x6a bytes), align: 1
  Segment part 29. ROOT 
           ENTRY                   ADDRESS         REF BY
           =====                   =======         ======
           TIMER0_A1_ISR::??INTVEC 104
                                   FFE8 
    -------------------------------------------------------------------------
INTVEC
  Common segment, address: FF80 - FFEB (0x6c bytes), align: 1
  Segment part 30. ROOT 
           ENTRY                   ADDRESS         REF BY
           =====                   =======         ======
           TIMER0_A0_ISR::??INTVEC 106
                                   FFEA 
    -------------------------------------------------------------------------
INTVEC
  Common segment, address: FF80 - FFF1 (0x72 bytes), align: 1
  Segment part 31. ROOT 
           ENTRY                   ADDRESS         REF BY
           =====                   =======         ======
           USCI_A0_ISR::??INTVEC 112
                                   FFF0 
    -------------------------------------------------------------------------
DATA16_ID
  Relative segment, address: 4402 - 4403 (0x2 bytes), align: 1
  Segment part 35.            Intra module refs:   morenshijian
    -------------------------------------------------------------------------
DATA16_ID
  Relative segment, address: 4404 - 4405 (0x2 bytes), align: 1
  Segment part 42.            Intra module refs:   cnt
    -------------------------------------------------------------------------
DATA16_ID
  Relative segment, address: 4406 - 4407 (0x2 bytes), align: 1
  Segment part 44.            Intra module refs:   flag
    -------------------------------------------------------------------------
DATA16_ID
  Relative segment, address: 4408 - 4409 (0x2 bytes), align: 1
  Segment part 47.            Intra module refs:   anjianflag
    -------------------------------------------------------------------------
DATA16_ID
  Relative segment, address: 440A - 440B (0x2 bytes), align: 1
  Segment part 50.            Intra module refs:   anjiancnt
    -------------------------------------------------------------------------
DATA16_C
  Relative segment, address: 4400 - 4401 (0x2 bytes), align: 0
  Segment part 33.            Intra module refs:   shijian_init

    *************************************************************************

  FILE NAME : D:\diansai\ºìÂÌµÆ\Debug\Obj\shumaguan.r43
  PROGRAM MODULE, NAME : shumaguan

  SEGMENTS IN THE MODULE
  ======================
<CODE> 1 (was CODE)
  Relative segment, address: 4B1E - 4B43 (0x26 bytes), align: 1
  Segment part 8.             Intra module refs:   eight
                                                   five
                                                   four
                                                   nine
                                                   one
                                                   seven
                                                   six
                                                   three
                                                   two
                                                   zero
           ENTRY                   ADDRESS         REF BY
           =====                   =======         ======
           mie                     4B1E            main (main)
    -------------------------------------------------------------------------
<CODE> 1 (was CODE)
  Relative segment, address: 48DA - 492F (0x56 bytes), align: 1
  Segment part 9.
           ENTRY                   ADDRESS         REF BY
           =====                   =======         ======
           shumaguan_init          48DA            main (main)
    -------------------------------------------------------------------------
<CODE> 1 (was CODE)
  Relative segment, address: 4C18 - 4C39 (0x22 bytes), align: 1
  Segment part 10.
           ENTRY                   ADDRESS         REF BY
           =====                   =======         ======
           zero                    4C18            main (main)
               calls direct
    -------------------------------------------------------------------------
<CODE> 1 (was CODE)
  Relative segment, address: 4D56 - 4D65 (0x10 bytes), align: 1
  Segment part 11.
           ENTRY                   ADDRESS         REF BY
           =====                   =======         ======
           one                     4D56            main (main)
               calls direct
    -------------------------------------------------------------------------
<CODE> 1 (was CODE)
  Relative segment, address: 4CB6 - 4CD3 (0x1e bytes), align: 1
  Segment part 12.
           ENTRY                   ADDRESS         REF BY
           =====                   =======         ======
           two                     4CB6            main (main)
               calls direct
    -------------------------------------------------------------------------
<CODE> 1 (was CODE)
  Relative segment, address: 4C3A - 4C59 (0x20 bytes), align: 1
  Segment part 13.
           ENTRY                   ADDRESS         REF BY
           =====                   =======         ======
           three                   4C3A            main (main)
               calls direct
    -------------------------------------------------------------------------
<CODE> 1 (was CODE)
  Relative segment, address: 4C98 - 4CB5 (0x1e bytes), align: 1
  Segment part 14.
           ENTRY                   ADDRESS         REF BY
           =====                   =======         ======
           four                    4C98            main (main)
               calls direct
    -------------------------------------------------------------------------
<CODE> 1 (was CODE)
  Relative segment, address: 4BB2 - 4BD3 (0x22 bytes), align: 1
  Segment part 15.
           ENTRY                   ADDRESS         REF BY
           =====                   =======         ======
           five                    4BB2            main (main)
               calls direct
    -------------------------------------------------------------------------
<CODE> 1 (was CODE)
  Relative segment, address: 4BD4 - 4BF5 (0x22 bytes), align: 1
  Segment part 16.
           ENTRY                   ADDRESS         REF BY
           =====                   =======         ======
           six                     4BD4            main (main)
               calls direct
    -------------------------------------------------------------------------
<CODE> 1 (was CODE)
  Relative segment, address: 4CEE - 4D05 (0x18 bytes), align: 1
  Segment part 17.
           ENTRY                   ADDRESS         REF BY
           =====                   =======         ======
           seven                   4CEE            main (main)
               calls direct
    -------------------------------------------------------------------------
<CODE> 1 (was CODE)
  Relative segment, address: 4B44 - 4B69 (0x26 bytes), align: 1
  Segment part 18.
           ENTRY                   ADDRESS         REF BY
           =====                   =======         ======
           eight                   4B44            main (main)
               calls direct
    -------------------------------------------------------------------------
<CODE> 1 (was CODE)
  Relative segment, address: 4BF6 - 4C17 (0x22 bytes), align: 1
  Segment part 19.
           ENTRY                   ADDRESS         REF BY
           =====                   =======         ======
           nine                    4BF6            main (main)
               calls direct

    *************************************************************************

  FILE NAME : D:\diansai\ºìÂÌµÆ\Debug\Obj\shumaguan2.r43
  PROGRAM MODULE, NAME : shumaguan2

  SEGMENTS IN THE MODULE
  ======================
<CODE> 1 (was CODE)
  Relative segment, address: 4A0A - 4A35 (0x2c bytes), align: 1
  Segment part 10.            Intra module refs:   eight2
                                                   five2
                                                   four2
                                                   nine2
                                                   one2
                                                   seven2
                                                   six2
                                                   three2
                                                   two2
                                                   zero2
           ENTRY                   ADDRESS         REF BY
           =====                   =======         ======
           mie2                    4A0A            main (main)
    -------------------------------------------------------------------------
<CODE> 1 (was CODE)
  Relative segment, address: 487C - 48D9 (0x5e bytes), align: 1
  Segment part 11.
           ENTRY                   ADDRESS         REF BY
           =====                   =======         ======
           shumaguan_init2         487C            main (main)
    -------------------------------------------------------------------------
<CODE> 1 (was CODE)
  Relative segment, address: 4AAC - 4AD1 (0x26 bytes), align: 1
  Segment part 12.
           ENTRY                   ADDRESS         REF BY
           =====                   =======         ======
           zero2                   4AAC            main (main)
               calls direct
    -------------------------------------------------------------------------
<CODE> 1 (was CODE)
  Relative segment, address: 4D44 - 4D55 (0x12 bytes), align: 1
  Segment part 13.
           ENTRY                   ADDRESS         REF BY
           =====                   =======         ======
           one2                    4D44            main (main)
               calls direct
    -------------------------------------------------------------------------
<CODE> 1 (was CODE)
  Relative segment, address: 4A86 - 4AAB (0x26 bytes), align: 1
  Segment part 14.
           ENTRY                   ADDRESS         REF BY
           =====                   =======         ======
           two2                    4A86            main (main)
               calls direct
    -------------------------------------------------------------------------
<CODE> 1 (was CODE)
  Relative segment, address: 4A36 - 4A5D (0x28 bytes), align: 1
  Segment part 15.
           ENTRY                   ADDRESS         REF BY
           =====                   =======         ======
           three2                  4A36            main (main)
               calls direct
    -------------------------------------------------------------------------
<CODE> 1 (was CODE)
  Relative segment, address: 4C5A - 4C79 (0x20 bytes), align: 1
  Segment part 16.
           ENTRY                   ADDRESS         REF BY
           =====                   =======         ======
           four2                   4C5A            main (main)
               calls direct
    -------------------------------------------------------------------------
<CODE> 1 (was CODE)
  Relative segment, address: 4AF8 - 4B1D (0x26 bytes), align: 1
  Segment part 17.
           ENTRY                   ADDRESS         REF BY
           =====                   =======         ======
           five2                   4AF8            main (main)
               calls direct
    -------------------------------------------------------------------------
<CODE> 1 (was CODE)
  Relative segment, address: 4B6A - 4B8D (0x24 bytes), align: 1
  Segment part 18.
           ENTRY                   ADDRESS         REF BY
           =====                   =======         ======
           six2                    4B6A            main (main)
               calls direct
    -------------------------------------------------------------------------
<CODE> 1 (was CODE)
  Relative segment, address: 4C7A - 4C97 (0x1e bytes), align: 1
  Segment part 19.
           ENTRY                   ADDRESS         REF BY
           =====                   =======         ======
           seven2                  4C7A            main (main)
               calls direct
    -------------------------------------------------------------------------
<CODE> 1 (was CODE)
  Relative segment, address: 49AA - 49D9 (0x30 bytes), align: 1
  Segment part 20.
           ENTRY                   ADDRESS         REF BY
           =====                   =======         ======
           eight2                  49AA            main (main)
               calls direct
    -------------------------------------------------------------------------
<CODE> 1 (was CODE)
  Relative segment, address: 4AD2 - 4AF7 (0x26 bytes), align: 1
  Segment part 21.
           ENTRY                   ADDRESS         REF BY
           =====                   =======         ======
           nine2                   4AD2            main (main)
               calls direct

    *************************************************************************

  FILE NAME : C:\Program Files (x86)\IAR Systems\Embedded Workbench 8.0\430\lib\dlib\dl430xlsfn.r43
  LIBRARY MODULE, NAME : ?__dbg_break

  SEGMENTS IN THE MODULE
  ======================
<CODE> 1 (was CODE)
  Relative segment, address: 4D90 - 4D91 (0x2 bytes), align: 1
  Segment part 2.
           ENTRY                   ADDRESS         REF BY
           =====                   =======         ======
           __DebugBreak            4D90            __exit (?__exit)

    -------------------------------------------------------------------------
  LIBRARY MODULE, NAME : ?__exit

  SEGMENTS IN THE MODULE
  ======================
<CODE> 1 (was CODE)
  Relative segment, address: 4D1E - 4D31 (0x14 bytes), align: 1
  Segment part 2.
           ENTRY                   ADDRESS         REF BY
           =====                   =======         ======
           __exit                  4D1E            Segment part 6 (?_exit)
                                                   _exit (?_exit)
               calls direct

    -------------------------------------------------------------------------
  LIBRARY MODULE, NAME : ?_exit

  SEGMENTS IN THE MODULE
  ======================
<CODE> 1 (was CODE)
  Relative segment, address: 4D84, align: 1
  Segment part 0.
           ENTRY                   ADDRESS         REF BY
           =====                   =======         ======
           _exit                   4D84            exit (?exit)
    -------------------------------------------------------------------------
<CODE> 1 (was CODE)
  Relative segment, address: 4D84 - 4D87 (0x4 bytes), align: 1
  Segment part 6.             Intra module refs:   _exit

    -------------------------------------------------------------------------
  LIBRARY MODULE, NAME : ?cstart

  SEGMENTS IN THE MODULE
  ======================
CSTACK
  Relative segment, address: 4360, align: 1
  Segment part 1.
    -------------------------------------------------------------------------
DATA16_Z
  Relative segment, address: 2410, align: 1
  Segment part 2.
    -------------------------------------------------------------------------
DATA16_I
  Relative segment, address: 240A, align: 1
  Segment part 3.
    -------------------------------------------------------------------------
DATA16_ID
  Relative segment, address: 440C, align: 1
  Segment part 4.
    -------------------------------------------------------------------------
CODE_I
  Relative segment, address: 2416, align: 1
  Segment part 5.
    -------------------------------------------------------------------------
CODE_ID
  Relative segment, address: 4D92, align: 1
  Segment part 6.
    -------------------------------------------------------------------------
DATA20_Z
  Relative segment, address: 2416, align: 1
  Segment part 7.
    -------------------------------------------------------------------------
DATA20_I
  Relative segment, address: 2416, align: 1
  Segment part 8.
    -------------------------------------------------------------------------
DATA20_ID
  Relative segment, address: 4D92, align: 1
  Segment part 9.
    -------------------------------------------------------------------------
DATA20_C
  Relative segment, address: 4D92, align: 1
  Segment part 10.
    -------------------------------------------------------------------------
DATA20_N
  Relative segment, address: 2416, align: 1
  Segment part 12.
    -------------------------------------------------------------------------
CSTART
  Relative segment, address: 440C - 440F (0x4 bytes), align: 1
  Segment part 15.
           ENTRY                   ADDRESS         REF BY
           =====                   =======         ======
           __program_start         440C            ?reset_vector (?reset_vector)
                                                   Absolute parts (?ABS_ENTRY_MOD)
           ?cstart_begin           440C 
    -------------------------------------------------------------------------
CSTART
  Relative segment, address: 4410 - 441B (0xc bytes), align: 1
  Segment part 19.
           ENTRY                   ADDRESS         REF BY
           =====                   =======         ======
           ?cstart_init_zero       4410            cflag (main)
                                                   data (main)
                                                   shijian (main)
                                                   shuflag (main)
    -------------------------------------------------------------------------
CSTART
  Relative segment, address: 441C - 442B (0x10 bytes), align: 1
  Segment part 20.
           ENTRY                   ADDRESS         REF BY
           =====                   =======         ======
           ?cstart_init_copy       441C            anjiancnt (main)
                                                   anjianflag (main)
                                                   cnt (main)
                                                   flag (main)
                                                   morenshijian (main)
    -------------------------------------------------------------------------
CSTART
  Relative segment, address: 442C - 4433 (0x8 bytes), align: 1
  Segment part 26.            Intra module refs:   Segment part 15
           ENTRY                   ADDRESS         REF BY
           =====                   =======         ======
           ?cstart_call_main       442C 
           ?cstart_end             4434 
    -------------------------------------------------------------------------
CODE_ID
  Relative segment, address: 4D92, align: 1
  Segment part 27.            Intra module refs:   Segment part 5

    -------------------------------------------------------------------------
  LIBRARY MODULE, NAME : ?reset_vector

  SEGMENTS IN THE MODULE
  ======================
RESET
  Relative segment, address: FFFE - FFFF (0x2 bytes), align: 1
  Segment part 0.
           ENTRY                   ADDRESS         REF BY
           =====                   =======         ======
           ?reset_vector           FFFE            Segment part 15 (?cstart)

    -------------------------------------------------------------------------
  LIBRARY MODULE, NAME : ?exit

  SEGMENTS IN THE MODULE
  ======================
<CODE> 1 (was CODE)
  Relative segment, address: 4D88 - 4D8B (0x4 bytes), align: 1
  Segment part 2.
           ENTRY                   ADDRESS         REF BY
           =====                   =======         ======
           exit                    4D88            Segment part 26 (?cstart)
               calls direct

    -------------------------------------------------------------------------
  LIBRARY MODULE, NAME : ?DivMod816u

  SEGMENTS IN THE MODULE
  ======================
<CODE> 1 (was CODE)
  Relative segment, address: 4D06 - 4D1D (0x18 bytes), align: 1
  Segment part 1.
           ENTRY                   ADDRESS         REF BY
           =====                   =======         ======
           ?DivMod16u              4D06            ?DivMod16s (?DivMod816s)

    -------------------------------------------------------------------------
  LIBRARY MODULE, NAME : ?DivMod816s

  SEGMENTS IN THE MODULE
  ======================
<CODE> 1 (was CODE)
  Relative segment, address: 49DA - 4A09 (0x30 bytes), align: 1
  Segment part 1.
           ENTRY                   ADDRESS         REF BY
           =====                   =======         ======
           ?DivMod16s              49DA            main (main)

    -------------------------------------------------------------------------
  LIBRARY MODULE, NAME : ?ShiftRight32u_8n

  SEGMENTS IN THE MODULE
  ======================
<CODE> 1 (was CODE)
  Relative segment, address: 4B8E - 4B91 (0x4 bytes), align: 1
  Segment part 0.
           ENTRY                   ADDRESS         REF BY
           =====                   =======         ======
           ?ShiftRight32u_14       4B8E            main (main)
    -------------------------------------------------------------------------
<CODE> 1 (was CODE)
  Relative segment, address: 4B92 - 4B95 (0x4 bytes), align: 1
  Segment part 1.             Intra module refs:   ?ShiftRight32u_14
           ENTRY                   ADDRESS         REF BY
           =====                   =======         ======
           ?ShiftRight32u_13       4B92 
    -------------------------------------------------------------------------
<CODE> 1 (was CODE)
  Relative segment, address: 4B96 - 4B99 (0x4 bytes), align: 1
  Segment part 2.             Intra module refs:   ?ShiftRight32u_13
           ENTRY                   ADDRESS         REF BY
           =====                   =======         ======
           ?ShiftRight32u_12       4B96 
    -------------------------------------------------------------------------
<CODE> 1 (was CODE)
  Relative segment, address: 4B9A - 4B9D (0x4 bytes), align: 1
  Segment part 3.             Intra module refs:   ?ShiftRight32u_12
           ENTRY                   ADDRESS         REF BY
           =====                   =======         ======
           ?ShiftRight32u_11       4B9A 
    -------------------------------------------------------------------------
<CODE> 1 (was CODE)
  Relative segment, address: 4B9E - 4BA1 (0x4 bytes), align: 1
  Segment part 4.             Intra module refs:   ?ShiftRight32u_11
           ENTRY                   ADDRESS         REF BY
           =====                   =======         ======
           ?ShiftRight32u_10       4B9E 
    -------------------------------------------------------------------------
<CODE> 1 (was CODE)
  Relative segment, address: 4BA2 - 4BA5 (0x4 bytes), align: 1
  Segment part 5.             Intra module refs:   ?ShiftRight32u_10
           ENTRY                   ADDRESS         REF BY
           =====                   =======         ======
           ?ShiftRight32u_9        4BA2 
    -------------------------------------------------------------------------
<CODE> 1 (was CODE)
  Relative segment, address: 4BA6 - 4BB1 (0xc bytes), align: 1
  Segment part 6.             Intra module refs:   ?ShiftRight32u_9
           ENTRY                   ADDRESS         REF BY
           =====                   =======         ======
           ?ShiftRight32u_8        4BA6 

    -------------------------------------------------------------------------
  LIBRARY MODULE, NAME : ?memcpy

  SEGMENTS IN THE MODULE
  ======================
<CODE> 1 (was CODE)
  Relative segment, address: 4D32 - 4D43 (0x12 bytes), align: 1
  Segment part 2.
           ENTRY                   ADDRESS         REF BY
           =====                   =======         ======
           memcpy                  4D32            __data16_memcpy (?memzero)

    -------------------------------------------------------------------------
  LIBRARY MODULE, NAME : ?memzero

  SEGMENTS IN THE MODULE
  ======================
<CODE> 1 (was CODE)
  Relative segment, address: 4D66 - 4D75 (0x10 bytes), align: 1
  Segment part 2.
           ENTRY                   ADDRESS         REF BY
           =====                   =======         ======
           __data16_memzero        4D66            ?cstart_init_zero (?cstart)
    -------------------------------------------------------------------------
<CODE> 1 (was CODE)
  Relative segment, address: 4D8C - 4D8F (0x4 bytes), align: 1
  Segment part 3.
           ENTRY                   ADDRESS         REF BY
           =====                   =======         ======
           __data16_memcpy         4D8C            ?cstart_init_copy (?cstart)
               calls direct




                ****************************************
                *                                      *
                *      SEGMENTS IN ADDRESS ORDER       *
                *                                      *
                ****************************************


SEGMENT              SPACE    START ADDRESS   END ADDRESS     SIZE  TYPE  ALIGN
=======              =====    =============   ===========     ====  ====  =====
DATA16_AN                              0140 - 0141               2   rel    0
                                       0144 - 0145               2 
                                       015C - 015D               2 
                                       0200 - 0207               8 
                                       020A - 020B               2 
                                       0218 - 021D               6 
                                       0222 - 0225               4 
                                       022A - 022B               2 
                                       0242 - 0245               4 
                                       0262 - 0265               4 
                                       0340 - 0343               4 
                                       0346 - 0347               2 
                                       0352 - 0353               2 
                                       0356 - 0357               2 
                                       036E - 036F               2 
                                       05C0 - 05C1               2 
                                       05C6 - 05C8               3 
                                       05CC - 05CC               1 
                                       05DC - 05DD               2 
DATA16_I                               2400 - 2409               A   rel    1
DATA16_Z                               240A - 2414               B   rel    1
DATA20_I                                  2416                       rel    1
DATA20_Z                                  2416                       rel    1
DATA20_N                                  2416                       rel    1
CODE_I                                    2416                       rel    1
CSTACK                                 4360 - 43FF              A0   rel    1
DATA16_C                               4400 - 4401               2   rel    0
DATA16_ID                              4402 - 440B               A   rel    1
CSTART                                 440C - 4433              28   rel    1
ISR_CODE                               4434 - 4521              EE   rel    1
<CODE> 1                               4522 - 4D91             870   rel    1
DATA20_C                                  4D92                       rel    1
DATA20_ID                                 4D92                       rel    1
CODE_ID                                   4D92                       rel    1
INTVEC                                 FF80 - FFF1              72   com    1
RESET                                  FFFE - FFFF               2   rel    1

                ****************************************
                *                                      *
                *        END OF CROSS REFERENCE        *
                *                                      *
                ****************************************

 2 554 bytes of CODE  memory
   181 bytes of DATA  memory (+ 56 absolute )
    12 bytes of CONST memory

Errors: none
Warnings: none

